references: oracle 0.844 (1.00) qmdp2 0.676 (1.00) qmdp 0.661 (0.99) mls 0.606 (0.96)
[single] u=0 25s greedy return 0.049 0.049 0.051 0.103 0.110 0.097 | success 0.05 0.05 0.05 0.12 0.13 0.13
[single] u=10 142s greedy return 0.082 0.082 0.082 0.082 0.082 0.082 | success 0.09 0.09 0.09 0.09 0.09 0.09
[single] u=12 189s greedy return 0.082 0.082 0.082 0.082 0.082 0.082 | success 0.09 0.09 0.09 0.09 0.09 0.09
[single] u=15 238s greedy return 0.082 0.082 0.082 0.082 0.082 0.082 | success 0.09 0.09 0.09 0.09 0.09 0.09
[single] u=18 288s greedy return 0.192 0.167 0.141 0.082 0.082 0.082 | success 0.27 0.23 0.16 0.09 0.09 0.09
[single] u=22 345s greedy return 0.163 0.149 0.148 0.082 0.082 0.082 | success 0.26 0.22 0.18 0.09 0.09 0.09
[single] u=27 411s greedy return 0.179 0.089 0.105 0.165 0.082 0.082 | success 0.24 0.10 0.12 0.26 0.09 0.09
[single] u=33 485s greedy return 0.189 0.184 0.152 0.082 0.082 0.082 | success 0.27 0.26 0.22 0.09 0.09 0.09
[single] u=41 575s greedy return 0.181 0.167 0.191 0.194 0.129 0.082 | success 0.26 0.25 0.27 0.28 0.15 0.09
[single] u=50 674s greedy return 0.176 0.237 0.261 0.209 0.121 0.098 | success 0.26 0.34 0.39 0.31 0.14 0.13
[single] u=61 788s greedy return 0.351 0.339 0.411 0.394 0.265 0.173 | success 0.54 0.54 0.66 0.59 0.40 0.25
[single] u=74 920s greedy return 0.432 0.485 0.488 0.470 0.429 0.377 | success 0.66 0.75 0.77 0.74 0.68 0.62
[single] u=90 1076s greedy return 0.539 0.529 0.541 0.540 0.506 0.518 | success 0.86 0.83 0.87 0.86 0.77 0.82
[single] u=111 1274s greedy return 0.569 0.565 0.577 0.573 0.568 0.559 | success 0.89 0.91 0.91 0.90 0.88 0.89
[single] u=135 1497s greedy return 0.599 0.588 0.587 0.590 0.597 0.585 | success 0.93 0.93 0.94 0.93 0.93 0.91
[single] u=165 1769s greedy return 0.622 0.609 0.608 0.627 0.623 0.627 | success 0.96 0.96 0.96 0.97 0.96 0.97
[single] u=202 2099s greedy return 0.638 0.625 0.625 0.643 0.645 0.642 | success 0.98 0.97 0.97 0.98 0.98 0.99
[single] u=246 2486s greedy return 0.646 0.634 0.634 0.649 0.655 0.647 | success 0.98 0.98 0.97 0.98 0.99 0.99
[single] u=301 2965s greedy return 0.653 0.646 0.644 0.655 0.659 0.650 | success 0.99 0.99 0.99 0.99 0.99 0.99
[single] u=367 3534s greedy return 0.658 0.652 0.651 0.660 0.660 0.654 | success 0.99 0.99 0.98 0.99 0.99 0.99
[single] u=449 4236s greedy return 0.662 0.656 0.653 0.664 0.661 0.658 | success 0.99 0.99 0.98 0.99 0.99 0.99
[single] u=548 5078s greedy return 0.662 0.659 0.655 0.668 0.662 0.660 | success 0.99 0.99 0.99 0.99 0.99 0.99
[single] u=670 6110s greedy return 0.665 0.662 0.658 0.669 0.665 0.662 | success 0.99 0.99 0.99 0.99 0.99 0.99
[single] u=819 7365s greedy return 0.667 0.664 0.661 0.671 0.668 0.663 | success 0.99 0.99 0.99 0.99 1.00 0.99
[single] u=1000 8884s greedy return 0.665 0.664 0.663 0.671 0.670 0.665 | success 0.99 0.99 0.99 0.99 1.00 0.99
