seed0 site 1: encoder mlp 0.94 lin 0.57 | posterior_part H 0.60 dec 0.56 post 0.45 | residual_part H 0.03 dec 0.07 post -0.41 | both_parts H 0.62 dec 0.60 post 0.44 | linear_edit H 0.23 dec 0.28 post 0.51 | random_posterior_norm H 0.05 dec 0.12 post -16.45 | whole 0.68/0.65
seed0 site 2: encoder mlp 0.96 lin 0.61 | posterior_part H 0.75 dec 0.71 post 0.45 | residual_part H 0.08 dec 0.10 post -0.39 | both_parts H 0.83 dec 0.78 post 0.44 | linear_edit H 0.34 dec 0.33 post 0.50 | random_posterior_norm H 0.05 dec 0.10 post -10.83 | whole 0.93/0.86
seed0 site 4: encoder mlp 0.97 lin 0.65 | posterior_part H 0.82 dec 0.78 post 0.45 | residual_part H 0.09 dec 0.11 post -0.41 | both_parts H 0.93 dec 0.88 post 0.44 | linear_edit H 0.36 dec 0.31 post 0.50 | random_posterior_norm H 0.08 dec 0.11 post -36.73 | whole 1.00/1.00
seed1 site 1: encoder mlp 0.92 lin 0.57 | posterior_part H 0.64 dec 0.58 post 0.46 | residual_part H 0.06 dec 0.08 post -0.42 | both_parts H 0.70 dec 0.61 post 0.45 | linear_edit H 0.25 dec 0.22 post 0.49 | random_posterior_norm H 0.06 dec 0.06 post -17.07 | whole 0.77/0.67
seed1 site 2: encoder mlp 0.94 lin 0.63 | posterior_part H 0.75 dec 0.70 post 0.47 | residual_part H 0.09 dec 0.08 post -0.44 | both_parts H 0.85 dec 0.75 post 0.46 | linear_edit H 0.27 dec 0.27 post 0.50 | random_posterior_norm H 0.05 dec 0.06 post -14.32 | whole 0.96/0.90
seed1 site 4: encoder mlp 0.96 lin 0.62 | posterior_part H 0.81 dec 0.75 post 0.47 | residual_part H 0.11 dec 0.09 post -0.43 | both_parts H 0.92 dec 0.89 post 0.47 | linear_edit H 0.29 dec 0.27 post 0.50 | random_posterior_norm H 0.10 dec 0.07 post -49.52 | whole 1.00/1.00
seed2 site 1: encoder mlp 0.94 lin 0.56 | posterior_part H 0.63 dec 0.60 post 0.44 | residual_part H 0.03 dec 0.04 post -0.44 | both_parts H 0.64 dec 0.61 post 0.43 | linear_edit H 0.22 dec 0.20 post 0.52 | random_posterior_norm H 0.05 dec 0.06 post -19.16 | whole 0.73/0.66
seed2 site 2: encoder mlp 0.95 lin 0.51 | posterior_part H 0.78 dec 0.80 post 0.44 | residual_part H 0.05 dec 0.04 post -0.44 | both_parts H 0.82 dec 0.84 post 0.43 | linear_edit H 0.31 dec 0.33 post 0.51 | random_posterior_norm H 0.06 dec 0.04 post -19.69 | whole 0.98/0.92
seed2 site 4: encoder mlp 0.96 lin 0.46 | posterior_part H 0.82 dec 0.84 post 0.44 | residual_part H 0.05 dec 0.04 post -0.43 | both_parts H 0.87 dec 0.90 post 0.43 | linear_edit H 0.34 dec 0.33 post 0.50 | random_posterior_norm H 0.10 dec 0.06 post -50.42 | whole 1.00/1.00
seed3 site 1: encoder mlp 0.94 lin 0.57 | posterior_part H 0.63 dec 0.62 post 0.44 | residual_part H 0.07 dec 0.04 post -0.38 | both_parts H 0.70 dec 0.65 post 0.43 | linear_edit H 0.28 dec 0.29 post 0.47 | random_posterior_norm H 0.06 dec 0.10 post -18.39 | whole 0.80/0.75
seed3 site 2: encoder mlp 0.96 lin 0.63 | posterior_part H 0.74 dec 0.78 post 0.45 | residual_part H 0.10 dec 0.06 post -0.39 | both_parts H 0.85 dec 0.83 post 0.44 | linear_edit H 0.43 dec 0.44 post 0.48 | random_posterior_norm H 0.05 dec 0.07 post -18.46 | whole 1.00/0.91
seed3 site 4: encoder mlp 0.97 lin 0.65 | posterior_part H 0.80 dec 0.84 post 0.44 | residual_part H 0.09 dec 0.08 post -0.38 | both_parts H 0.90 dec 0.92 post 0.44 | linear_edit H 0.45 dec 0.42 post 0.48 | random_posterior_norm H 0.09 dec 0.09 post -46.91 | whole 1.00/1.00
seed4 site 1: encoder mlp 0.93 lin 0.61 | posterior_part H 0.66 dec 0.60 post 0.47 | residual_part H 0.05 dec 0.04 post -0.41 | both_parts H 0.71 dec 0.61 post 0.46 | linear_edit H 0.31 dec 0.31 post 0.51 | random_posterior_norm H 0.05 dec 0.05 post -18.74 | whole 0.78/0.69
seed4 site 2: encoder mlp 0.93 lin 0.58 | posterior_part H 0.80 dec 0.75 post 0.47 | residual_part H 0.07 dec 0.04 post -0.44 | both_parts H 0.87 dec 0.81 post 0.47 | linear_edit H 0.39 dec 0.40 post 0.52 | random_posterior_norm H 0.05 dec 0.03 post -18.15 | whole 0.96/0.88
seed4 site 4: encoder mlp 0.93 lin 0.55 | posterior_part H 0.84 dec 0.82 post 0.46 | residual_part H 0.06 dec 0.04 post -0.43 | both_parts H 0.91 dec 0.89 post 0.47 | linear_edit H 0.41 dec 0.41 post 0.51 | random_posterior_norm H 0.11 dec 0.04 post -52.79 | whole 1.00/1.00
seed5 site 1: encoder mlp 0.94 lin 0.64 | posterior_part H 0.63 dec 0.72 post 0.52 | residual_part H 0.05 dec 0.04 post -0.43 | both_parts H 0.68 dec 0.75 post 0.51 | linear_edit H 0.33 dec 0.38 post 0.56 | random_posterior_norm H 0.05 dec 0.08 post -15.77 | whole 0.74/0.78
seed5 site 2: encoder mlp 0.95 lin 0.68 | posterior_part H 0.72 dec 0.74 post 0.53 | residual_part H 0.07 dec 0.04 post -0.43 | both_parts H 0.79 dec 0.78 post 0.53 | linear_edit H 0.36 dec 0.29 post 0.57 | random_posterior_norm H 0.05 dec 0.06 post -14.10 | whole 0.91/0.88
seed5 site 4: encoder mlp 0.96 lin 0.73 | posterior_part H 0.84 dec 0.82 post 0.53 | residual_part H 0.10 dec 0.06 post -0.44 | both_parts H 0.94 dec 0.91 post 0.53 | linear_edit H 0.44 dec 0.32 post 0.57 | random_posterior_norm H 0.09 dec 0.10 post -39.31 | whole 1.00/1.00
# Through the posterior or in parallel: posterior-part and residual-part swaps

Generated by `causal2.py` (exploratory). The decision token's goal-averaged state at each site split as x̄ = f(b) + r, f an MLP encoder from the posterior (inputs b and log b, fitted on 24 576 fit decisions); on the matched pairs of `causal.py`, the recipient's state under every goal plus the donor-minus-recipient difference of one part. Medians (min–max) over six models.

| site | encoder R² (MLP / linear) | edit | H transfer | decision to donor | decoded posterior vs donor | edit norm / state norm |
|---|---|---|---|---|---|---|
| 1 | 0.94 (0.92–0.94) / 0.57 (0.56–0.64) | posterior_part | 0.63 (0.60–0.66) | 0.60 (0.56–0.72) | 0.45 (0.44–0.52) | 1.04 (1.02–1.10) |
| 1 | 0.94 (0.92–0.94) / 0.57 (0.56–0.64) | residual_part | 0.05 (0.03–0.07) | 0.04 (0.04–0.08) | -0.41 (-0.44–-0.38) | 0.28 (0.26–0.30) |
| 1 | 0.94 (0.92–0.94) / 0.57 (0.56–0.64) | both_parts | 0.69 (0.62–0.71) | 0.61 (0.60–0.75) | 0.44 (0.43–0.51) | 1.07 (1.03–1.12) |
| 1 | 0.94 (0.92–0.94) / 0.57 (0.56–0.64) | linear_edit | 0.27 (0.22–0.33) | 0.28 (0.20–0.38) | 0.51 (0.47–0.56) | 0.77 (0.75–0.83) |
| 1 | 0.94 (0.92–0.94) / 0.57 (0.56–0.64) | random_posterior_norm | 0.05 (0.05–0.06) | 0.07 (0.05–0.12) | -17.73 (-19.16–-15.77) | 1.04 (1.02–1.10) |
| 1 | 0.94 (0.92–0.94) / 0.57 (0.56–0.64) | whole_swap | 0.76 (0.68–0.80) | 0.68 (0.65–0.78) | — | — |
| 2 | 0.95 (0.93–0.96) / 0.62 (0.51–0.68) | posterior_part | 0.75 (0.72–0.80) | 0.75 (0.70–0.80) | 0.46 (0.44–0.53) | 1.05 (1.01–1.11) |
| 2 | 0.95 (0.93–0.96) / 0.62 (0.51–0.68) | residual_part | 0.07 (0.05–0.10) | 0.05 (0.04–0.10) | -0.43 (-0.44–-0.39) | 0.25 (0.23–0.29) |
| 2 | 0.95 (0.93–0.96) / 0.62 (0.51–0.68) | both_parts | 0.84 (0.79–0.87) | 0.80 (0.75–0.84) | 0.45 (0.43–0.53) | 1.08 (1.03–1.14) |
| 2 | 0.95 (0.93–0.96) / 0.62 (0.51–0.68) | linear_edit | 0.35 (0.27–0.43) | 0.33 (0.27–0.44) | 0.51 (0.48–0.57) | 0.75 (0.71–0.80) |
| 2 | 0.95 (0.93–0.96) / 0.62 (0.51–0.68) | random_posterior_norm | 0.05 (0.05–0.06) | 0.06 (0.03–0.10) | -16.24 (-19.69–-10.83) | 1.05 (1.01–1.11) |
| 2 | 0.95 (0.93–0.96) / 0.62 (0.51–0.68) | whole_swap | 0.96 (0.91–1.00) | 0.89 (0.86–0.92) | — | — |
| 4 | 0.96 (0.93–0.97) / 0.64 (0.46–0.73) | posterior_part | 0.82 (0.80–0.84) | 0.82 (0.75–0.84) | 0.46 (0.44–0.53) | 1.06 (0.97–1.17) |
| 4 | 0.96 (0.93–0.97) / 0.64 (0.46–0.73) | residual_part | 0.09 (0.05–0.11) | 0.07 (0.04–0.11) | -0.43 (-0.44–-0.38) | 0.22 (0.19–0.28) |
| 4 | 0.96 (0.93–0.97) / 0.64 (0.46–0.73) | both_parts | 0.91 (0.87–0.94) | 0.90 (0.88–0.92) | 0.45 (0.43–0.53) | 1.08 (0.99–1.20) |
| 4 | 0.96 (0.93–0.97) / 0.64 (0.46–0.73) | linear_edit | 0.38 (0.29–0.45) | 0.33 (0.27–0.42) | 0.50 (0.48–0.57) | 0.75 (0.69–0.81) |
| 4 | 0.96 (0.93–0.97) / 0.64 (0.46–0.73) | random_posterior_norm | 0.09 (0.08–0.11) | 0.08 (0.04–0.11) | -48.22 (-52.79–-36.73) | 1.06 (0.97–1.17) |
| 4 | 0.96 (0.93–0.97) / 0.64 (0.46–0.73) | whole_swap | 1.00 (1.00–1.00) | 1.00 (1.00–1.00) | — | — |

Residual norm over posterior-part norm (median pair): site 1: 0.22 (0.20–0.24), site 2: 0.20 (0.19–0.22), site 4: 0.17 (0.16–0.19).
