seed0: pairs {'n': 4096, 'decision_differs': 0.31982421875, 'decision_differs_own_goal': 0.385009765625, 'belief_l1': 1.6177470782708312} | site 0: dec b 0.26 (mlp 0.40, log 0.48); edit H 0.13 dec 0.15 | log-edit 0.26/0.25 | rnd 0.02/0.05 | swap 0.36/0.32 | site 1: dec b 0.49 (mlp 0.79, log 0.76); edit H 0.23 dec 0.27 | log-edit 0.40/0.36 | rnd 0.04/0.09 | swap 0.68/0.65 | site 2: dec b 0.49 (mlp 0.79, log 0.76); edit H 0.34 dec 0.34 | log-edit 0.44/0.41 | rnd 0.03/0.07 | swap 0.93/0.86 | site 3: dec b 0.49 (mlp 0.77, log 0.76); edit H 0.32 dec 0.31 | log-edit 0.45/0.39 | rnd 0.03/0.07 | swap 0.97/0.96 | site 4: dec b 0.49 (mlp 0.75, log 0.76); edit H 0.36 dec 0.31 | log-edit 0.48/0.41 | rnd 0.06/0.09 | swap 1.00/1.00
seed1: pairs {'n': 4096, 'decision_differs': 0.37646484375, 'decision_differs_own_goal': 0.467529296875, 'belief_l1': 1.6630991421820038} | site 0: dec b 0.24 (mlp 0.39, log 0.47); edit H 0.13 dec 0.16 | log-edit 0.28/0.31 | rnd 0.02/0.03 | swap 0.41/0.41 | site 1: dec b 0.49 (mlp 0.79, log 0.75); edit H 0.27 dec 0.22 | log-edit 0.43/0.42 | rnd 0.02/0.06 | swap 0.77/0.67 | site 2: dec b 0.50 (mlp 0.80, log 0.76); edit H 0.29 dec 0.29 | log-edit 0.43/0.45 | rnd 0.03/0.05 | swap 0.96/0.90 | site 3: dec b 0.50 (mlp 0.79, log 0.76); edit H 0.30 dec 0.28 | log-edit 0.45/0.47 | rnd 0.04/0.05 | swap 1.00/0.98 | site 4: dec b 0.50 (mlp 0.76, log 0.76); edit H 0.31 dec 0.29 | log-edit 0.46/0.48 | rnd 0.07/0.06 | swap 1.00/1.00
seed2: pairs {'n': 4096, 'decision_differs': 0.39111328125, 'decision_differs_own_goal': 0.4521484375, 'belief_l1': 1.631346797755839} | site 0: dec b 0.32 (mlp 0.49, log 0.46); edit H 0.17 dec 0.12 | log-edit 0.30/0.19 | rnd 0.01/0.03 | swap 0.37/0.28 | site 1: dec b 0.50 (mlp 0.84, log 0.77); edit H 0.22 dec 0.20 | log-edit 0.35/0.31 | rnd 0.03/0.04 | swap 0.73/0.66 | site 2: dec b 0.50 (mlp 0.85, log 0.77); edit H 0.31 dec 0.33 | log-edit 0.41/0.43 | rnd 0.03/0.02 | swap 0.98/0.92 | site 3: dec b 0.49 (mlp 0.83, log 0.76); edit H 0.32 dec 0.33 | log-edit 0.42/0.43 | rnd 0.04/0.02 | swap 0.99/0.98 | site 4: dec b 0.49 (mlp 0.82, log 0.76); edit H 0.34 dec 0.34 | log-edit 0.43/0.44 | rnd 0.06/0.02 | swap 1.00/1.00
seed3: pairs {'n': 4096, 'decision_differs': 0.34228515625, 'decision_differs_own_goal': 0.470703125, 'belief_l1': 1.6395708564305416} | site 0: dec b 0.21 (mlp 0.35, log 0.46); edit H 0.11 dec 0.08 | log-edit 0.25/0.26 | rnd 0.01/0.02 | swap 0.35/0.38 | site 1: dec b 0.43 (mlp 0.73, log 0.75); edit H 0.28 dec 0.29 | log-edit 0.45/0.43 | rnd 0.04/0.08 | swap 0.80/0.75 | site 2: dec b 0.44 (mlp 0.74, log 0.76); edit H 0.43 dec 0.43 | log-edit 0.55/0.57 | rnd 0.04/0.07 | swap 1.00/0.91 | site 3: dec b 0.44 (mlp 0.72, log 0.76); edit H 0.45 dec 0.42 | log-edit 0.57/0.55 | rnd 0.05/0.06 | swap 1.01/0.97 | site 4: dec b 0.44 (mlp 0.69, log 0.76); edit H 0.46 dec 0.42 | log-edit 0.58/0.56 | rnd 0.06/0.08 | swap 1.00/1.00
seed4: pairs {'n': 4096, 'decision_differs': 0.46044921875, 'decision_differs_own_goal': 0.50732421875, 'belief_l1': 1.623297898927511} | site 0: dec b 0.27 (mlp 0.44, log 0.48); edit H 0.18 dec 0.14 | log-edit 0.30/0.25 | rnd 0.01/0.02 | swap 0.41/0.36 | site 1: dec b 0.48 (mlp 0.86, log 0.77); edit H 0.31 dec 0.31 | log-edit 0.44/0.41 | rnd 0.03/0.03 | swap 0.78/0.69 | site 2: dec b 0.49 (mlp 0.87, log 0.77); edit H 0.39 dec 0.40 | log-edit 0.51/0.50 | rnd 0.04/0.02 | swap 0.96/0.88 | site 3: dec b 0.49 (mlp 0.86, log 0.77); edit H 0.39 dec 0.39 | log-edit 0.50/0.49 | rnd 0.04/0.02 | swap 0.99/0.99 | site 4: dec b 0.49 (mlp 0.84, log 0.77); edit H 0.41 dec 0.41 | log-edit 0.53/0.50 | rnd 0.07/0.02 | swap 1.00/1.00
seed5: pairs {'n': 4096, 'decision_differs': 0.316650390625, 'decision_differs_own_goal': 0.418212890625, 'belief_l1': 1.593073945226136} | site 0: dec b 0.26 (mlp 0.40, log 0.49); edit H 0.15 dec 0.17 | log-edit 0.29/0.37 | rnd 0.01/0.02 | swap 0.37/0.46 | site 1: dec b 0.55 (mlp 0.82, log 0.80); edit H 0.33 dec 0.39 | log-edit 0.49/0.59 | rnd 0.03/0.05 | swap 0.74/0.78 | site 2: dec b 0.56 (mlp 0.84, log 0.80); edit H 0.36 dec 0.29 | log-edit 0.50/0.54 | rnd 0.02/0.05 | swap 0.91/0.88 | site 3: dec b 0.56 (mlp 0.83, log 0.80); edit H 0.41 dec 0.30 | log-edit 0.53/0.56 | rnd 0.05/0.05 | swap 0.98/0.97 | site 4: dec b 0.56 (mlp 0.80, log 0.80); edit H 0.45 dec 0.32 | log-edit 0.56/0.58 | rnd 0.06/0.05 | swap 1.00/1.00
Traceback (most recent call last):
  File "/workspace/goal_belief/studies/7_information_seeking/H_simplex/causal.py", line 186, in <module>
    main()
  File "/workspace/goal_belief/studies/7_information_seeking/H_simplex/causal.py", line 171, in main
    L.append(f"| {l} | {d('posterior_linear')} | {d('posterior_mlp')} | {d('log_posterior_linear')} | {d('state_from_posterior')} |")
                        ^^^^^^^^^^^^^^^^^^^^^
  File "/workspace/goal_belief/studies/7_information_seeking/H_simplex/causal.py", line 170, in <lambda>
    d = lambda k: mm(lambda r_: r_["decode"][str(l)][k])
                  ^^^^^^^^^^^^^^^^^^^^^^^^^^^^^^^^^^^^^^
  File "/workspace/goal_belief/studies/7_information_seeking/H_simplex/causal.py", line 163, in <lambda>
    mm = lambda f, nd=2: (lambda xs: f"{np.median(xs):.{nd}f} ({min(xs):.{nd}f}–{max(xs):.{nd}f})")([f(res[s_]) for s_ in seeds])
                                                                                                     ^^^^^^^^^^
  File "/workspace/goal_belief/studies/7_information_seeking/H_simplex/causal.py", line 170, in <lambda>
    d = lambda k: mm(lambda r_: r_["decode"][str(l)][k])
                                ~~~~~~~~~~~~^^^^^^^^
KeyError: '0'
