seed0: affine 0.436 quadratic 0.861 log_b 0.591 log_b+entropy_bins 0.626 log_b_piecewise 0.851 affine+eig 0.485 log_b+eig 0.622 eig_only 0.240 top2 0.500 affine+top2 0.601 log_b+top2 0.713 log_b+quadratic 0.837 mlp_log_b 0.952 mlp_b 0.938
seed1: affine 0.436 quadratic 0.875 log_b 0.648 log_b+entropy_bins 0.666 log_b_piecewise 0.881 affine+eig 0.518 log_b+eig 0.677 eig_only 0.222 top2 0.557 affine+top2 0.656 log_b+top2 0.775 log_b+quadratic 0.866 mlp_log_b 0.952 mlp_b 0.943
seed2: affine 0.445 quadratic 0.864 log_b 0.567 log_b+entropy_bins 0.604 log_b_piecewise 0.832 affine+eig 0.495 log_b+eig 0.595 eig_only 0.178 top2 0.534 affine+top2 0.616 log_b+top2 0.718 log_b+quadratic 0.848 mlp_log_b 0.956 mlp_b 0.939
seed3: affine 0.444 quadratic 0.859 log_b 0.624 log_b+entropy_bins 0.634 log_b_piecewise 0.853 affine+eig 0.525 log_b+eig 0.634 eig_only 0.235 top2 0.477 affine+top2 0.582 log_b+top2 0.734 log_b+quadratic 0.848 mlp_log_b 0.952 mlp_b 0.938
seed4: affine 0.540 quadratic 0.832 log_b 0.614 log_b+entropy_bins 0.641 log_b_piecewise 0.810 affine+eig 0.582 log_b+eig 0.641 eig_only 0.201 top2 0.534 affine+top2 0.632 log_b+top2 0.714 log_b+quadratic 0.815 mlp_log_b 0.926 mlp_b 0.911
seed5: affine 0.546 quadratic 0.861 log_b 0.673 log_b+entropy_bins 0.684 log_b_piecewise 0.848 affine+eig 0.584 log_b+eig 0.689 eig_only 0.308 top2 0.524 affine+top2 0.640 log_b+top2 0.744 log_b+quadratic 0.848 mlp_log_b 0.924 mlp_b 0.914
# H on the belief simplex: post hoc, second pass

Generated by `posthoc2.py`. Held-out R² of ridge fits (the MLPs as in `tables.md`); medians (min–max) over the six models.

| features | R² |
|---|---|
| affine | 0.445 (0.436–0.546) |
| quadratic | 0.861 (0.832–0.875) |
| log_b | 0.619 (0.567–0.673) |
| log_b+entropy_bins | 0.638 (0.604–0.684) |
| log_b_piecewise | 0.849 (0.810–0.881) |
| affine+eig | 0.521 (0.485–0.584) |
| log_b+eig | 0.638 (0.595–0.689) |
| eig_only | 0.228 (0.178–0.308) |
| top2 | 0.529 (0.477–0.557) |
| affine+top2 | 0.624 (0.582–0.656) |
| log_b+top2 | 0.726 (0.713–0.775) |
| log_b+quadratic | 0.848 (0.815–0.866) |
| mlp_log_b | 0.952 (0.924–0.956) |
| mlp_b | 0.938 (0.911–0.943) |

Most likely cell's probability along the test episodes, quantiles 10/25/50/75/90 % (seed medians): 0.06, 0.14, 0.45, 0.78, 1.00.
