seed0: majority 0.58 | all: state_site2/linear 0.88 state_site2/mlp 0.95 state_site4/linear 0.87 state_site4/mlp 0.95 posterior/linear 0.96 posterior/mlp 0.99 H/linear 0.66 H/mlp 0.85 logits_all_goals/linear 0.76 logits_all_goals/mlp 0.91 | matched (chance 0.44): state_site2/linear 0.74 state_site2/mlp 0.91 state_site4/linear 0.72 state_site4/mlp 0.89 posterior/linear 0.90 posterior/mlp 0.99 H/linear 0.46 H/mlp 0.69 logits_all_goals/linear 0.58 logits_all_goals/mlp 0.81 | causal (new decisions to donor / kept): posterior_part 0.74/0.17 residual_part 0.06/0.90 random 0.18/0.67 whole_swap 0.76/0.16 none 0.04/0.93
seed1: majority 0.58 | all: state_site2/linear 0.88 state_site2/mlp 0.95 state_site4/linear 0.87 state_site4/mlp 0.94 posterior/linear 0.97 posterior/mlp 0.99 H/linear 0.65 H/mlp 0.84 logits_all_goals/linear 0.74 logits_all_goals/mlp 0.90 | matched (chance 0.43): state_site2/linear 0.74 state_site2/mlp 0.89 state_site4/linear 0.73 state_site4/mlp 0.87 posterior/linear 0.91 posterior/mlp 0.99 H/linear 0.49 H/mlp 0.68 logits_all_goals/linear 0.57 logits_all_goals/mlp 0.78 | causal (new decisions to donor / kept): posterior_part 0.74/0.16 residual_part 0.06/0.89 random 0.18/0.66 whole_swap 0.76/0.16 none 0.04/0.93
seed2: majority 0.59 | all: state_site2/linear 0.90 state_site2/mlp 0.96 state_site4/linear 0.88 state_site4/mlp 0.96 posterior/linear 0.97 posterior/mlp 0.99 H/linear 0.66 H/mlp 0.87 logits_all_goals/linear 0.75 logits_all_goals/mlp 0.93 | matched (chance 0.46): state_site2/linear 0.76 state_site2/mlp 0.91 state_site4/linear 0.74 state_site4/mlp 0.90 posterior/linear 0.90 posterior/mlp 0.99 H/linear 0.45 H/mlp 0.70 logits_all_goals/linear 0.57 logits_all_goals/mlp 0.84 | causal (new decisions to donor / kept): posterior_part 0.76/0.15 residual_part 0.05/0.91 random 0.19/0.64 whole_swap 0.79/0.13 none 0.03/0.94
seed3: majority 0.58 | all: state_site2/linear 0.86 state_site2/mlp 0.94 state_site4/linear 0.84 state_site4/mlp 0.93 posterior/linear 0.97 posterior/mlp 0.99 H/linear 0.67 H/mlp 0.82 logits_all_goals/linear 0.74 logits_all_goals/mlp 0.89 | matched (chance 0.44): state_site2/linear 0.76 state_site2/mlp 0.90 state_site4/linear 0.74 state_site4/mlp 0.88 posterior/linear 0.91 posterior/mlp 0.99 H/linear 0.51 H/mlp 0.69 logits_all_goals/linear 0.59 logits_all_goals/mlp 0.80 | causal (new decisions to donor / kept): posterior_part 0.72/0.17 residual_part 0.07/0.88 random 0.21/0.63 whole_swap 0.74/0.16 none 0.06/0.91
seed4: majority 0.59 | all: state_site2/linear 0.91 state_site2/mlp 0.97 state_site4/linear 0.89 state_site4/mlp 0.97 posterior/linear 0.97 posterior/mlp 0.99 H/linear 0.69 H/mlp 0.88 logits_all_goals/linear 0.77 logits_all_goals/mlp 0.93 | matched (chance 0.46): state_site2/linear 0.76 state_site2/mlp 0.92 state_site4/linear 0.74 state_site4/mlp 0.91 posterior/linear 0.89 posterior/mlp 0.99 H/linear 0.48 H/mlp 0.71 logits_all_goals/linear 0.56 logits_all_goals/mlp 0.82 | causal (new decisions to donor / kept): posterior_part 0.77/0.14 residual_part 0.05/0.91 random 0.18/0.67 whole_swap 0.80/0.13 none 0.02/0.95
seed5: majority 0.57 | all: state_site2/linear 0.90 state_site2/mlp 0.96 state_site4/linear 0.88 state_site4/mlp 0.96 posterior/linear 0.97 posterior/mlp 1.00 H/linear 0.66 H/mlp 0.85 logits_all_goals/linear 0.76 logits_all_goals/mlp 0.92 | matched (chance 0.44): state_site2/linear 0.77 state_site2/mlp 0.92 state_site4/linear 0.75 state_site4/mlp 0.91 posterior/linear 0.90 posterior/mlp 0.99 H/linear 0.47 H/mlp 0.69 logits_all_goals/linear 0.58 logits_all_goals/mlp 0.83 | causal (new decisions to donor / kept): posterior_part 0.73/0.16 residual_part 0.06/0.91 random 0.17/0.69 whole_swap 0.74/0.15 none 0.03/0.94
# Is the encoded posterior reusable for new decisions?

Generated by `readout.py` (exploratory). New decision tasks: the QMDP-optimal move under the exact posterior for goal@(4, 6), goal@(8, 2), goal@(4, 0), goal@(6, 4), goal@(6, 8), goal@(8, 6), nearest landmark. Readouts fitted on 24576 fit decisions, hit rate (the readout's move is in the task's optimal set) on 8192 test decisions, mean over the 7 tasks; medians (min–max) over six models. Matched-preference subset: test decisions with a partner of the same step, the same own-goal move and H within the 25th percentile of distances, whose optimal sets for the task are disjoint.

Majority move: 0.58 (0.57–0.59) of decisions; chance on the matched subset 0.44 (0.43–0.46); matched share of decisions goal@(4, 6) 0.13 (0.11–0.17), goal@(8, 2) 0.07 (0.06–0.09), goal@(4, 0) 0.10 (0.09–0.12), goal@(6, 4) 0.13 (0.12–0.17), goal@(6, 8) 0.12 (0.08–0.14), goal@(8, 6) 0.08 (0.07–0.11), nearest landmark 0.17 (0.13–0.20).

| readout from | all decisions | matched-preference subset |
|---|---|---|
| state_site2/linear | 0.89 (0.86–0.91) | 0.76 (0.74–0.77) |
| state_site2/mlp | 0.96 (0.94–0.97) | 0.91 (0.89–0.92) |
| state_site4/linear | 0.87 (0.84–0.89) | 0.74 (0.72–0.75) |
| state_site4/mlp | 0.95 (0.93–0.97) | 0.90 (0.87–0.91) |
| posterior/linear | 0.97 (0.96–0.97) | 0.90 (0.89–0.91) |
| posterior/mlp | 0.99 (0.99–1.00) | 0.99 (0.99–0.99) |
| H/linear | 0.66 (0.65–0.69) | 0.47 (0.45–0.51) |
| H/mlp | 0.85 (0.82–0.88) | 0.69 (0.68–0.71) |
| logits_all_goals/linear | 0.75 (0.74–0.77) | 0.58 (0.56–0.59) |
| logits_all_goals/mlp | 0.92 (0.89–0.93) | 0.81 (0.78–0.84) |

## Causal: swaps at the input of block 2, propagated to the final residual, read by the site-4 MLP readouts

On matched pairs (same step, posteriors differing by ≥ 0.5 of mass) whose optimal sets for a task are disjoint: the share of the readout's moves in the donor's set / in the recipient's set, mean over tasks.

| edit | new decision to donor | kept |
|---|---|---|
| posterior_part | 0.74 (0.72–0.77) | 0.16 (0.14–0.17) |
| residual_part | 0.06 (0.05–0.07) | 0.90 (0.88–0.91) |
| random | 0.18 (0.17–0.21) | 0.66 (0.63–0.69) |
| whole_swap | 0.76 (0.74–0.80) | 0.15 (0.13–0.16) |
| none | 0.04 (0.02–0.06) | 0.93 (0.91–0.95) |
