seed0 none: R2 0.000 remove_r opt 0.618 hd 0.039 fol 0.423 chg 0.580 | swap_r opt 0.505 hd 0.312 fol 0.920 chg 0.972 | 29s
seed0 top: R2 0.399 remove_Z opt 0.626 hd 0.256 fol 0.317 chg 0.537 | swap_Z opt 0.556 hd 0.340 fol 0.676 chg 0.798 | swap_Z_rot opt 0.828 hd 0.298 fol 0.035 chg 0.098 | remove_r opt 0.801 hd 0.356 fol 0.066 chg 0.135 | swap_r opt 0.724 hd 0.323 fol 0.213 chg 0.345 | swap_r_matched opt 0.753 hd 0.274 fol 0.146 chg 0.245 mchg 0.158 | 29s
seed0 rank2: R2 0.483 remove_Z opt 0.594 hd 0.229 fol 0.363 chg 0.589 | swap_Z opt 0.526 hd 0.338 fol 0.754 chg 0.869 | swap_Z_rot opt 0.825 hd 0.299 fol 0.040 chg 0.113 | remove_r opt 0.805 hd 0.301 fol 0.089 chg 0.140 | swap_r opt 0.758 hd 0.312 fol 0.155 chg 0.265 | swap_r_matched opt 0.794 hd 0.272 fol 0.106 chg 0.174 mchg 0.111 | 30s
seed0 H2: R2 0.428 remove_Z opt 0.556 hd 0.187 fol 0.395 chg 0.585 | swap_Z opt 0.516 hd 0.316 fol 0.771 chg 0.885 | swap_Z_rot opt 0.812 hd 0.308 fol 0.052 chg 0.137 | remove_r opt 0.828 hd 0.284 fol 0.071 chg 0.139 | swap_r opt 0.769 hd 0.316 fol 0.140 chg 0.256 | 30s
seed0 H: R2 0.666 remove_Z opt 0.566 hd 0.144 fol 0.425 chg 0.614 | swap_Z opt 0.494 hd 0.332 fol 0.877 chg 0.957 | swap_Z_rot opt 0.798 hd 0.323 fol 0.064 chg 0.166 | remove_r opt 0.845 hd 0.301 fol 0.027 chg 0.049 | swap_r opt 0.819 hd 0.305 fol 0.055 chg 0.112 | 31s
seed0 mix: R2 0.811 remove_Z opt 0.574 hd 0.145 fol 0.408 chg 0.598 | swap_Z opt 0.499 hd 0.330 fol 0.862 chg 0.942 | swap_Z_rot opt 0.795 hd 0.322 fol 0.073 chg 0.176 | remove_r opt 0.856 hd 0.302 fol 0.039 chg 0.067 | swap_r opt 0.832 hd 0.301 fol 0.071 chg 0.139 | swap_r_matched opt 0.856 hd 0.283 fol 0.030 chg 0.051 mchg 0.035 | 31s
seed0 b: R2 0.811 remove_Z opt 0.574 hd 0.145 fol 0.408 chg 0.598 | swap_Z opt 0.499 hd 0.330 fol 0.862 chg 0.942 | swap_Z_rot opt 0.797 hd 0.323 fol 0.072 chg 0.173 | remove_r opt 0.856 hd 0.302 fol 0.039 chg 0.067 | swap_r opt 0.832 hd 0.301 fol 0.071 chg 0.139 | swap_r_matched opt 0.857 hd 0.283 fol 0.030 chg 0.051 mchg 0.036 | 32s
seed0 all: R2 1.000 remove_Z opt 0.618 hd 0.039 fol 0.423 chg 0.580 | swap_Z opt 0.505 hd 0.312 fol 0.920 chg 0.972 | swap_Z_rot opt 0.787 hd 0.332 fol 0.083 chg 0.194 | 32s
seed0 u001500.pt cells 57326 (dropped 14670) informative 23510 ceiling 0.625 natural {'optimal': 0.8637616634368896, 'history_dependence': 0.28294312953948975}
seed1 none: R2 0.000 remove_r opt 0.631 hd 0.062 fol 0.407 chg 0.543 | swap_r opt 0.500 hd 0.328 fol 0.921 chg 0.971 | 59s
seed1 top: R2 0.403 remove_Z opt 0.637 hd 0.232 fol 0.324 chg 0.506 | swap_Z opt 0.573 hd 0.322 fol 0.697 chg 0.795 | swap_Z_rot opt 0.836 hd 0.283 fol 0.044 chg 0.091 | remove_r opt 0.823 hd 0.330 fol 0.045 chg 0.099 | swap_r opt 0.740 hd 0.333 fol 0.204 chg 0.326 | swap_r_matched opt 0.769 hd 0.313 fol 0.099 chg 0.191 mchg 0.140 | 59s
seed1 rank2: R2 0.512 remove_Z opt 0.642 hd 0.177 fol 0.355 chg 0.519 | swap_Z opt 0.549 hd 0.315 fol 0.745 chg 0.844 | swap_Z_rot opt 0.830 hd 0.286 fol 0.045 chg 0.105 | remove_r opt 0.835 hd 0.283 fol 0.070 chg 0.106 | swap_r opt 0.758 hd 0.311 fol 0.177 chg 0.287 | swap_r_matched opt 0.807 hd 0.297 fol 0.066 chg 0.133 mchg 0.091 | 60s
seed1 H2: R2 0.551 remove_Z opt 0.601 hd 0.144 fol 0.401 chg 0.576 | swap_Z opt 0.544 hd 0.292 fol 0.801 chg 0.889 | swap_Z_rot opt 0.822 hd 0.286 fol 0.072 chg 0.136 | remove_r opt 0.827 hd 0.273 fol 0.068 chg 0.113 | swap_r opt 0.770 hd 0.303 fol 0.113 chg 0.217 | 60s
seed1 H: R2 0.757 remove_Z opt 0.599 hd 0.136 fol 0.409 chg 0.581 | swap_Z opt 0.504 hd 0.330 fol 0.883 chg 0.950 | swap_Z_rot opt 0.801 hd 0.292 fol 0.096 chg 0.180 | remove_r opt 0.853 hd 0.294 fol 0.019 chg 0.035 | swap_r opt 0.835 hd 0.296 fol 0.042 chg 0.083 | 61s
seed1 mix: R2 0.830 remove_Z opt 0.625 hd 0.084 fol 0.386 chg 0.544 | swap_Z opt 0.505 hd 0.326 fol 0.881 chg 0.951 | swap_Z_rot opt 0.805 hd 0.291 fol 0.089 chg 0.172 | remove_r opt 0.872 hd 0.292 fol 0.019 chg 0.033 | swap_r opt 0.846 hd 0.299 fol 0.047 chg 0.100 | swap_r_matched opt 0.859 hd 0.292 fol 0.017 chg 0.033 mchg 0.024 | 61s
seed1 b: R2 0.830 remove_Z opt 0.625 hd 0.084 fol 0.386 chg 0.544 | swap_Z opt 0.505 hd 0.326 fol 0.881 chg 0.951 | swap_Z_rot opt 0.805 hd 0.289 fol 0.090 chg 0.173 | remove_r opt 0.872 hd 0.292 fol 0.019 chg 0.033 | swap_r opt 0.846 hd 0.299 fol 0.047 chg 0.100 | swap_r_matched opt 0.859 hd 0.292 fol 0.017 chg 0.033 mchg 0.024 | 62s
seed1 all: R2 1.000 remove_Z opt 0.631 hd 0.062 fol 0.407 chg 0.543 | swap_Z opt 0.500 hd 0.328 fol 0.921 chg 0.971 | swap_Z_rot opt 0.794 hd 0.295 fol 0.099 chg 0.190 | 62s
seed1 u001500.pt cells 57326 (dropped 14670) informative 24258 ceiling 0.625 natural {'optimal': 0.862401008605957, 'history_dependence': 0.2893626093864441}
seed2 none: R2 0.000 remove_r opt 0.609 hd 0.114 fol 0.385 chg 0.590 | swap_r opt 0.486 hd 0.377 fol 0.918 chg 0.973 | 89s
seed2 top: R2 0.389 remove_Z opt 0.658 hd 0.297 fol 0.283 chg 0.504 | swap_Z opt 0.564 hd 0.389 fol 0.645 chg 0.773 | swap_Z_rot opt 0.827 hd 0.350 fol 0.032 chg 0.085 | remove_r opt 0.768 hd 0.380 fol 0.078 chg 0.154 | swap_r opt 0.690 hd 0.388 fol 0.222 chg 0.368 | swap_r_matched opt 0.712 hd 0.364 fol 0.129 chg 0.260 mchg 0.192 | 90s
seed2 rank2: R2 0.488 remove_Z opt 0.621 hd 0.264 fol 0.310 chg 0.539 | swap_Z opt 0.522 hd 0.383 fol 0.738 chg 0.864 | swap_Z_rot opt 0.820 hd 0.353 fol 0.041 chg 0.106 | remove_r opt 0.801 hd 0.360 fol 0.070 chg 0.128 | swap_r opt 0.737 hd 0.380 fol 0.143 chg 0.273 | swap_r_matched opt 0.771 hd 0.357 fol 0.086 chg 0.171 mchg 0.126 | 90s
seed2 H2: R2 0.588 remove_Z opt 0.557 hd 0.231 fol 0.374 chg 0.632 | swap_Z opt 0.507 hd 0.368 fol 0.793 chg 0.922 | swap_Z_rot opt 0.803 hd 0.357 fol 0.060 chg 0.137 | remove_r opt 0.838 hd 0.342 fol 0.062 chg 0.114 | swap_r opt 0.775 hd 0.373 fol 0.097 chg 0.225 | 91s
seed2 H: R2 0.761 remove_Z opt 0.570 hd 0.217 fol 0.385 chg 0.627 | swap_Z opt 0.486 hd 0.387 fol 0.871 chg 0.956 | swap_Z_rot opt 0.786 hd 0.371 fol 0.073 chg 0.171 | remove_r opt 0.842 hd 0.349 fol 0.031 chg 0.062 | swap_r opt 0.817 hd 0.363 fol 0.057 chg 0.117 | 91s
seed2 mix: R2 0.828 remove_Z opt 0.590 hd 0.178 fol 0.350 chg 0.586 | swap_Z opt 0.487 hd 0.381 fol 0.875 chg 0.954 | swap_Z_rot opt 0.784 hd 0.371 fol 0.080 chg 0.179 | remove_r opt 0.866 hd 0.338 fol 0.031 chg 0.056 | swap_r opt 0.834 hd 0.352 fol 0.065 chg 0.135 | swap_r_matched opt 0.847 hd 0.346 fol 0.027 chg 0.057 mchg 0.043 | 92s
seed2 b: R2 0.828 remove_Z opt 0.590 hd 0.178 fol 0.350 chg 0.586 | swap_Z opt 0.487 hd 0.381 fol 0.875 chg 0.954 | swap_Z_rot opt 0.786 hd 0.370 fol 0.080 chg 0.178 | remove_r opt 0.866 hd 0.338 fol 0.031 chg 0.056 | swap_r opt 0.834 hd 0.352 fol 0.065 chg 0.135 | swap_r_matched opt 0.845 hd 0.347 fol 0.027 chg 0.056 mchg 0.043 | 92s
seed2 all: R2 1.000 remove_Z opt 0.609 hd 0.114 fol 0.385 chg 0.590 | swap_Z opt 0.486 hd 0.377 fol 0.918 chg 0.973 | swap_Z_rot opt 0.772 hd 0.371 fol 0.090 chg 0.203 | 93s
seed2 u001500.pt cells 57326 (dropped 14670) informative 26364 ceiling 0.625 natural {'optimal': 0.8559467196464539, 'history_dependence': 0.3447650074958801}
seed3 none: R2 0.000 remove_r opt 0.484 hd 0.119 fol 0.429 chg 0.573 | swap_r opt 0.417 hd 0.304 fol 0.917 chg 0.962 | 119s
seed3 top: R2 0.254 remove_Z opt 0.602 hd 0.200 fol 0.237 chg 0.343 | swap_Z opt 0.546 hd 0.292 fol 0.481 chg 0.564 | swap_Z_rot opt 0.679 hd 0.283 fol 0.029 chg 0.064 | remove_r opt 0.568 hd 0.198 fol 0.201 chg 0.266 | swap_r opt 0.529 hd 0.289 fol 0.413 chg 0.500 | swap_r_matched opt 0.534 hd 0.296 fol 0.231 chg 0.326 mchg 0.235 | 119s
seed3 rank2: R2 0.438 remove_Z opt 0.535 hd 0.170 fol 0.341 chg 0.469 | swap_Z opt 0.468 hd 0.296 fol 0.676 chg 0.758 | swap_Z_rot opt 0.672 hd 0.282 fol 0.044 chg 0.089 | remove_r opt 0.630 hd 0.286 fol 0.105 chg 0.154 | swap_r opt 0.584 hd 0.293 fol 0.248 chg 0.322 | swap_r_matched opt 0.600 hd 0.300 fol 0.149 chg 0.224 mchg 0.163 | 120s
seed3 H2: R2 0.621 remove_Z opt 0.507 hd 0.129 fol 0.403 chg 0.533 | swap_Z opt 0.432 hd 0.314 fol 0.832 chg 0.896 | swap_Z_rot opt 0.653 hd 0.280 fol 0.080 chg 0.137 | remove_r opt 0.669 hd 0.314 fol 0.032 chg 0.065 | swap_r opt 0.647 hd 0.310 fol 0.098 chg 0.148 | 120s
seed3 H: R2 0.727 remove_Z opt 0.470 hd 0.131 fol 0.441 chg 0.587 | swap_Z opt 0.420 hd 0.307 fol 0.880 chg 0.937 | swap_Z_rot opt 0.652 hd 0.283 fol 0.084 chg 0.143 | remove_r opt 0.684 hd 0.303 fol 0.019 chg 0.037 | swap_r opt 0.671 hd 0.302 fol 0.057 chg 0.093 | 121s
seed3 mix: R2 0.813 remove_Z opt 0.481 hd 0.116 fol 0.410 chg 0.549 | swap_Z opt 0.421 hd 0.297 fol 0.856 chg 0.912 | swap_Z_rot opt 0.647 hd 0.282 fol 0.093 chg 0.155 | remove_r opt 0.706 hd 0.284 fol 0.043 chg 0.060 | swap_r opt 0.683 hd 0.292 fol 0.083 chg 0.118 | swap_r_matched opt 0.693 hd 0.291 fol 0.035 chg 0.054 mchg 0.042 | 121s
seed3 b: R2 0.813 remove_Z opt 0.481 hd 0.116 fol 0.410 chg 0.549 | swap_Z opt 0.421 hd 0.297 fol 0.856 chg 0.912 | swap_Z_rot opt 0.646 hd 0.279 fol 0.096 chg 0.158 | remove_r opt 0.706 hd 0.284 fol 0.043 chg 0.060 | swap_r opt 0.683 hd 0.292 fol 0.083 chg 0.118 | swap_r_matched opt 0.693 hd 0.290 fol 0.036 chg 0.056 mchg 0.042 | 122s
seed3 all: R2 1.000 remove_Z opt 0.484 hd 0.119 fol 0.429 chg 0.573 | swap_Z opt 0.417 hd 0.304 fol 0.917 chg 0.962 | swap_Z_rot opt 0.638 hd 0.275 fol 0.109 chg 0.176 | 122s
seed3 u001500.pt cells 57326 (dropped 14670) informative 23980 ceiling 0.625 natural {'optimal': 0.7012873888015747, 'history_dependence': 0.28733909130096436}
seed4 none: R2 0.000 remove_r opt 0.624 hd 0.003 fol 0.448 chg 0.553 | swap_r opt 0.540 hd 0.254 fol 0.891 chg 0.939 | 149s
seed4 top: R2 0.404 remove_Z opt 0.644 hd 0.187 fol 0.330 chg 0.514 | swap_Z opt 0.577 hd 0.275 fol 0.686 chg 0.790 | swap_Z_rot opt 0.824 hd 0.255 fol 0.038 chg 0.093 | remove_r opt 0.821 hd 0.291 fol 0.061 chg 0.106 | swap_r opt 0.756 hd 0.271 fol 0.170 chg 0.294 | swap_r_matched opt 0.782 hd 0.244 fol 0.122 chg 0.184 mchg 0.111 | 150s
seed4 rank2: R2 0.479 remove_Z opt 0.605 hd 0.145 fol 0.394 chg 0.578 | swap_Z opt 0.558 hd 0.266 fol 0.765 chg 0.859 | swap_Z_rot opt 0.815 hd 0.255 fol 0.053 chg 0.120 | remove_r opt 0.834 hd 0.272 fol 0.055 chg 0.088 | swap_r opt 0.778 hd 0.267 fol 0.122 chg 0.229 | swap_r_matched opt 0.805 hd 0.251 fol 0.087 chg 0.135 mchg 0.081 | 150s
seed4 H2: R2 0.621 remove_Z opt 0.613 hd 0.047 fol 0.425 chg 0.559 | swap_Z opt 0.546 hd 0.255 fol 0.832 chg 0.907 | swap_Z_rot opt 0.810 hd 0.257 fol 0.060 chg 0.133 | remove_r opt 0.835 hd 0.254 fol 0.032 chg 0.067 | swap_r opt 0.805 hd 0.258 fol 0.071 chg 0.146 | 151s
seed4 H: R2 0.716 remove_Z opt 0.620 hd 0.028 fol 0.432 chg 0.555 | swap_Z opt 0.538 hd 0.263 fol 0.875 chg 0.932 | swap_Z_rot opt 0.801 hd 0.261 fol 0.072 chg 0.157 | remove_r opt 0.848 hd 0.262 fol 0.016 chg 0.026 | swap_r opt 0.827 hd 0.260 fol 0.049 chg 0.091 | 151s
seed4 mix: R2 0.825 remove_Z opt 0.620 hd 0.032 fol 0.412 chg 0.555 | swap_Z opt 0.541 hd 0.260 fol 0.861 chg 0.927 | swap_Z_rot opt 0.799 hd 0.265 fol 0.079 chg 0.169 | remove_r opt 0.856 hd 0.261 fol 0.017 chg 0.028 | swap_r opt 0.835 hd 0.254 fol 0.073 chg 0.112 | swap_r_matched opt 0.844 hd 0.256 fol 0.020 chg 0.035 mchg 0.021 | 152s
seed4 b: R2 0.825 remove_Z opt 0.620 hd 0.032 fol 0.412 chg 0.555 | swap_Z opt 0.541 hd 0.260 fol 0.861 chg 0.927 | swap_Z_rot opt 0.800 hd 0.263 fol 0.078 chg 0.168 | remove_r opt 0.856 hd 0.261 fol 0.017 chg 0.028 | swap_r opt 0.835 hd 0.254 fol 0.073 chg 0.112 | swap_r_matched opt 0.844 hd 0.256 fol 0.020 chg 0.036 mchg 0.020 | 152s
seed4 all: R2 1.000 remove_Z opt 0.624 hd 0.003 fol 0.448 chg 0.553 | swap_Z opt 0.540 hd 0.254 fol 0.891 chg 0.939 | swap_Z_rot opt 0.795 hd 0.271 fol 0.086 chg 0.180 | 152s
seed4 u001500.pt cells 57326 (dropped 14670) informative 22021 ceiling 0.625 natural {'optimal': 0.850364625453949, 'history_dependence': 0.2584516406059265}
seed5 none: R2 0.000 remove_r opt 0.481 hd 0.238 fol 0.337 chg 0.709 | swap_r opt 0.451 hd 0.439 fol 0.860 chg 0.964 | 176s
seed5 top: R2 0.353 remove_Z opt 0.640 hd 0.342 fol 0.271 chg 0.514 | swap_Z opt 0.534 hd 0.453 fol 0.591 chg 0.751 | swap_Z_rot opt 0.811 hd 0.409 fol 0.023 chg 0.081 | remove_r opt 0.734 hd 0.453 fol 0.080 chg 0.209 | swap_r opt 0.646 hd 0.442 fol 0.274 chg 0.445 | swap_r_matched opt 0.684 hd 0.414 fol 0.147 chg 0.314 mchg 0.248 | 177s
seed5 rank2: R2 0.483 remove_Z opt 0.598 hd 0.346 fol 0.298 chg 0.567 | swap_Z opt 0.495 hd 0.450 fol 0.681 chg 0.839 | swap_Z_rot opt 0.800 hd 0.413 fol 0.032 chg 0.108 | remove_r opt 0.744 hd 0.446 fol 0.078 chg 0.203 | swap_r opt 0.691 hd 0.428 fol 0.193 chg 0.350 | swap_r_matched opt 0.730 hd 0.396 fol 0.114 chg 0.248 mchg 0.190 | 177s
seed5 H2: R2 0.497 remove_Z opt 0.606 hd 0.328 fol 0.264 chg 0.576 | swap_Z opt 0.493 hd 0.422 fol 0.742 chg 0.876 | swap_Z_rot opt 0.788 hd 0.415 fol 0.045 chg 0.134 | remove_r opt 0.817 hd 0.389 fol 0.076 chg 0.185 | swap_r opt 0.730 hd 0.408 fol 0.172 chg 0.303 | 178s
seed5 H: R2 0.727 remove_Z opt 0.483 hd 0.302 fol 0.356 chg 0.709 | swap_Z opt 0.457 hd 0.450 fol 0.825 chg 0.944 | swap_Z_rot opt 0.767 hd 0.428 fol 0.058 chg 0.167 | remove_r opt 0.844 hd 0.414 fol 0.023 chg 0.077 | swap_r opt 0.793 hd 0.411 fol 0.059 chg 0.132 | 178s
seed5 mix: R2 0.792 remove_Z opt 0.474 hd 0.267 fol 0.327 chg 0.672 | swap_Z opt 0.454 hd 0.441 fol 0.793 chg 0.923 | swap_Z_rot opt 0.762 hd 0.430 fol 0.066 chg 0.176 | remove_r opt 0.859 hd 0.392 fol 0.041 chg 0.082 | swap_r opt 0.815 hd 0.408 fol 0.086 chg 0.171 | swap_r_matched opt 0.833 hd 0.392 fol 0.035 chg 0.071 mchg 0.057 | 179s
seed5 b: R2 0.792 remove_Z opt 0.474 hd 0.267 fol 0.327 chg 0.672 | swap_Z opt 0.454 hd 0.441 fol 0.793 chg 0.923 | swap_Z_rot opt 0.762 hd 0.431 fol 0.066 chg 0.180 | remove_r opt 0.859 hd 0.392 fol 0.041 chg 0.082 | swap_r opt 0.815 hd 0.408 fol 0.086 chg 0.171 | swap_r_matched opt 0.833 hd 0.392 fol 0.034 chg 0.071 mchg 0.057 | 179s
seed5 all: R2 1.000 remove_Z opt 0.481 hd 0.238 fol 0.337 chg 0.709 | swap_Z opt 0.451 hd 0.439 fol 0.860 chg 0.964 | swap_Z_rot opt 0.747 hd 0.428 fol 0.076 chg 0.204 | 179s
seed5 u001500.pt cells 57326 (dropped 14670) informative 29355 ceiling 0.625 natural {'optimal': 0.8399679064750671, 'history_dependence': 0.39469003677368164}
seed6 none: R2 0.000 remove_r opt 0.513 hd 0.032 fol 0.428 chg 0.546 | swap_r opt 0.443 hd 0.274 fol 0.914 chg 0.964 | 203s
seed6 top: R2 0.307 remove_Z opt 0.583 hd 0.162 fol 0.266 chg 0.364 | swap_Z opt 0.533 hd 0.265 fol 0.557 chg 0.629 | swap_Z_rot opt 0.685 hd 0.251 fol 0.019 chg 0.056 | remove_r opt 0.593 hd 0.170 fol 0.186 chg 0.244 | swap_r opt 0.568 hd 0.252 fol 0.363 chg 0.435 | swap_r_matched opt 0.576 hd 0.258 fol 0.209 chg 0.292 mchg 0.194 | 203s
seed6 rank2: R2 0.496 remove_Z opt 0.524 hd 0.123 fol 0.377 chg 0.503 | swap_Z opt 0.457 hd 0.277 fol 0.763 chg 0.845 | swap_Z_rot opt 0.677 hd 0.257 fol 0.035 chg 0.079 | remove_r opt 0.671 hd 0.257 fol 0.069 chg 0.110 | swap_r opt 0.630 hd 0.261 fol 0.164 chg 0.221 | swap_r_matched opt 0.651 hd 0.252 fol 0.103 chg 0.160 mchg 0.101 | 204s
seed6 H2: R2 0.626 remove_Z opt 0.520 hd 0.083 fol 0.403 chg 0.528 | swap_Z opt 0.447 hd 0.279 fol 0.847 chg 0.919 | swap_Z_rot opt 0.667 hd 0.264 fol 0.045 chg 0.100 | remove_r opt 0.669 hd 0.256 fol 0.045 chg 0.073 | swap_r opt 0.650 hd 0.261 fol 0.097 chg 0.143 | 204s
seed6 H: R2 0.754 remove_Z opt 0.517 hd 0.059 fol 0.415 chg 0.535 | swap_Z opt 0.443 hd 0.276 fol 0.892 chg 0.949 | swap_Z_rot opt 0.661 hd 0.265 fol 0.061 chg 0.118 | remove_r opt 0.701 hd 0.241 fol 0.027 chg 0.038 | swap_r opt 0.679 hd 0.253 fol 0.052 chg 0.078 | 205s
seed6 mix: R2 0.832 remove_Z opt 0.516 hd 0.047 fol 0.414 chg 0.531 | swap_Z opt 0.454 hd 0.266 fol 0.858 chg 0.917 | swap_Z_rot opt 0.656 hd 0.272 fol 0.065 chg 0.126 | remove_r opt 0.707 hd 0.236 fol 0.035 chg 0.047 | swap_r opt 0.679 hd 0.244 fol 0.079 chg 0.111 | swap_r_matched opt 0.696 hd 0.245 fol 0.027 chg 0.040 mchg 0.026 | 205s
seed6 b: R2 0.832 remove_Z opt 0.516 hd 0.047 fol 0.414 chg 0.531 | swap_Z opt 0.454 hd 0.266 fol 0.858 chg 0.917 | swap_Z_rot opt 0.658 hd 0.271 fol 0.063 chg 0.122 | remove_r opt 0.707 hd 0.236 fol 0.035 chg 0.047 | swap_r opt 0.679 hd 0.244 fol 0.079 chg 0.111 | swap_r_matched opt 0.695 hd 0.245 fol 0.027 chg 0.040 mchg 0.026 | 206s
seed6 all: R2 1.000 remove_Z opt 0.513 hd 0.032 fol 0.428 chg 0.546 | swap_Z opt 0.443 hd 0.274 fol 0.914 chg 0.964 | swap_Z_rot opt 0.649 hd 0.276 fol 0.077 chg 0.144 | 206s
seed6 u001500.pt cells 57326 (dropped 14670) informative 21253 ceiling 0.625 natural {'optimal': 0.7006593942642212, 'history_dependence': 0.24491500854492188}
seed7 none: R2 0.000 remove_r opt 0.611 hd 0.057 fol 0.392 chg 0.596 | swap_r opt 0.471 hd 0.392 fol 0.924 chg 0.979 | 232s
seed7 top: R2 0.432 remove_Z opt 0.602 hd 0.265 fol 0.332 chg 0.562 | swap_Z opt 0.509 hd 0.404 fol 0.745 chg 0.840 | swap_Z_rot opt 0.816 hd 0.360 fol 0.037 chg 0.092 | remove_r opt 0.802 hd 0.402 fol 0.047 chg 0.104 | swap_r opt 0.733 hd 0.387 fol 0.164 chg 0.278 | swap_r_matched opt 0.752 hd 0.366 fol 0.110 chg 0.206 mchg 0.158 | 233s
seed7 rank2: R2 0.518 remove_Z opt 0.606 hd 0.231 fol 0.346 chg 0.575 | swap_Z opt 0.491 hd 0.402 fol 0.802 chg 0.894 | swap_Z_rot opt 0.814 hd 0.361 fol 0.042 chg 0.104 | remove_r opt 0.800 hd 0.386 fol 0.057 chg 0.113 | swap_r opt 0.762 hd 0.380 fol 0.123 chg 0.217 | swap_r_matched opt 0.781 hd 0.362 fol 0.087 chg 0.160 mchg 0.122 | 233s
seed7 H2: R2 0.546 remove_Z opt 0.609 hd 0.193 fol 0.330 chg 0.536 | swap_Z opt 0.505 hd 0.377 fol 0.777 chg 0.882 | swap_Z_rot opt 0.808 hd 0.361 fol 0.049 chg 0.117 | remove_r opt 0.801 hd 0.333 fol 0.081 chg 0.140 | swap_r opt 0.757 hd 0.366 fol 0.139 chg 0.238 | 234s
seed7 H: R2 0.738 remove_Z opt 0.622 hd 0.133 fol 0.362 chg 0.573 | swap_Z opt 0.472 hd 0.399 fol 0.891 chg 0.963 | swap_Z_rot opt 0.798 hd 0.364 fol 0.064 chg 0.147 | remove_r opt 0.827 hd 0.366 fol 0.021 chg 0.039 | swap_r opt 0.817 hd 0.368 fol 0.047 chg 0.089 | 234s
seed7 mix: R2 0.813 remove_Z opt 0.605 hd 0.133 fol 0.356 chg 0.568 | swap_Z opt 0.473 hd 0.396 fol 0.876 chg 0.945 | swap_Z_rot opt 0.794 hd 0.364 fol 0.071 chg 0.154 | remove_r opt 0.844 hd 0.367 fol 0.035 chg 0.059 | swap_r opt 0.819 hd 0.372 fol 0.070 chg 0.124 | swap_r_matched opt 0.835 hd 0.367 fol 0.028 chg 0.048 mchg 0.039 | 235s
seed7 b: R2 0.813 remove_Z opt 0.605 hd 0.133 fol 0.356 chg 0.568 | swap_Z opt 0.473 hd 0.396 fol 0.876 chg 0.945 | swap_Z_rot opt 0.796 hd 0.363 fol 0.069 chg 0.154 | remove_r opt 0.844 hd 0.367 fol 0.035 chg 0.059 | swap_r opt 0.819 hd 0.372 fol 0.070 chg 0.124 | swap_r_matched opt 0.835 hd 0.367 fol 0.029 chg 0.048 mchg 0.039 | 235s
seed7 all: R2 1.000 remove_Z opt 0.611 hd 0.057 fol 0.392 chg 0.596 | swap_Z opt 0.471 hd 0.392 fol 0.924 chg 0.979 | swap_Z_rot opt 0.785 hd 0.368 fol 0.083 chg 0.179 | 235s
seed7 u001500.pt cells 56792 (dropped 15204) informative 28317 ceiling 0.621 natural {'optimal': 0.8388153314590454, 'history_dependence': 0.3682560920715332}
seed8 none: R2 0.000 remove_r opt 0.609 hd 0.092 fol 0.405 chg 0.583 | swap_r opt 0.534 hd 0.280 fol 0.926 chg 0.974 | 261s
seed8 top: R2 0.432 remove_Z opt 0.612 hd 0.243 fol 0.324 chg 0.539 | swap_Z opt 0.578 hd 0.307 fol 0.674 chg 0.800 | swap_Z_rot opt 0.833 hd 0.279 fol 0.028 chg 0.093 | remove_r opt 0.821 hd 0.319 fol 0.066 chg 0.113 | swap_r opt 0.757 hd 0.289 fol 0.188 chg 0.303 | swap_r_matched opt 0.784 hd 0.266 fol 0.117 chg 0.196 mchg 0.120 | 262s
seed8 rank2: R2 0.507 remove_Z opt 0.604 hd 0.212 fol 0.363 chg 0.575 | swap_Z opt 0.560 hd 0.298 fol 0.746 chg 0.861 | swap_Z_rot opt 0.825 hd 0.283 fol 0.039 chg 0.117 | remove_r opt 0.835 hd 0.269 fol 0.061 chg 0.098 | swap_r opt 0.782 hd 0.282 fol 0.132 chg 0.232 | swap_r_matched opt 0.815 hd 0.269 fol 0.082 chg 0.135 mchg 0.084 | 262s
seed8 H2: R2 0.539 remove_Z opt 0.616 hd 0.141 fol 0.382 chg 0.576 | swap_Z opt 0.545 hd 0.286 fol 0.821 chg 0.918 | swap_Z_rot opt 0.821 hd 0.283 fol 0.047 chg 0.128 | remove_r opt 0.842 hd 0.272 fol 0.041 chg 0.077 | swap_r opt 0.802 hd 0.279 fol 0.085 chg 0.177 | 263s
seed8 H: R2 0.755 remove_Z opt 0.588 hd 0.155 fol 0.417 chg 0.606 | swap_Z opt 0.523 hd 0.299 fol 0.888 chg 0.954 | swap_Z_rot opt 0.802 hd 0.295 fol 0.062 chg 0.162 | remove_r opt 0.862 hd 0.273 fol 0.021 chg 0.036 | swap_r opt 0.840 hd 0.288 fol 0.045 chg 0.083 | 263s
seed8 mix: R2 0.796 remove_Z opt 0.631 hd 0.143 fol 0.358 chg 0.538 | swap_Z opt 0.534 hd 0.288 fol 0.870 chg 0.945 | swap_Z_rot opt 0.801 hd 0.298 fol 0.067 chg 0.168 | remove_r opt 0.868 hd 0.266 fol 0.031 chg 0.050 | swap_r opt 0.840 hd 0.276 fol 0.057 chg 0.111 | swap_r_matched opt 0.861 hd 0.270 fol 0.023 chg 0.038 mchg 0.024 | 264s
seed8 b: R2 0.796 remove_Z opt 0.631 hd 0.143 fol 0.358 chg 0.538 | swap_Z opt 0.534 hd 0.288 fol 0.870 chg 0.945 | swap_Z_rot opt 0.803 hd 0.294 fol 0.067 chg 0.167 | remove_r opt 0.868 hd 0.266 fol 0.031 chg 0.050 | swap_r opt 0.840 hd 0.276 fol 0.057 chg 0.111 | swap_r_matched opt 0.861 hd 0.270 fol 0.023 chg 0.038 mchg 0.024 | 264s
seed8 all: R2 1.000 remove_Z opt 0.609 hd 0.092 fol 0.405 chg 0.583 | swap_Z opt 0.534 hd 0.280 fol 0.926 chg 0.974 | swap_Z_rot opt 0.789 hd 0.304 fol 0.085 chg 0.194 | 265s
seed8 u001500.pt cells 57326 (dropped 14670) informative 22551 ceiling 0.625 natural {'optimal': 0.8650176525115967, 'history_dependence': 0.27282559871673584}
seed9 none: R2 0.000 remove_r opt 0.523 hd 0.106 fol 0.339 chg 0.638 | swap_r opt 0.491 hd 0.409 fol 0.914 chg 0.968 | 289s
seed9 top: R2 0.430 remove_Z opt 0.634 hd 0.317 fol 0.306 chg 0.545 | swap_Z opt 0.548 hd 0.438 fol 0.635 chg 0.798 | swap_Z_rot opt 0.836 hd 0.395 fol 0.035 chg 0.094 | remove_r opt 0.758 hd 0.429 fol 0.071 chg 0.177 | swap_r opt 0.700 hd 0.427 fol 0.208 chg 0.367 | swap_r_matched opt 0.755 hd 0.395 fol 0.116 chg 0.237 mchg 0.180 | 289s
seed9 rank2: R2 0.545 remove_Z opt 0.604 hd 0.296 fol 0.331 chg 0.581 | swap_Z opt 0.519 hd 0.425 fol 0.762 chg 0.880 | swap_Z_rot opt 0.820 hd 0.398 fol 0.047 chg 0.131 | remove_r opt 0.792 hd 0.431 fol 0.052 chg 0.141 | swap_r opt 0.758 hd 0.418 fol 0.127 chg 0.260 | swap_r_matched opt 0.804 hd 0.393 fol 0.083 chg 0.164 mchg 0.125 | 290s
seed9 H2: R2 0.546 remove_Z opt 0.612 hd 0.277 fol 0.271 chg 0.485 | swap_Z opt 0.530 hd 0.411 fol 0.676 chg 0.812 | swap_Z_rot opt 0.811 hd 0.404 fol 0.057 chg 0.146 | remove_r opt 0.836 hd 0.378 fol 0.108 chg 0.207 | swap_r opt 0.775 hd 0.404 fol 0.204 chg 0.325 | 290s
seed9 H: R2 0.740 remove_Z opt 0.534 hd 0.232 fol 0.366 chg 0.644 | swap_Z opt 0.493 hd 0.413 fol 0.866 chg 0.949 | swap_Z_rot opt 0.799 hd 0.407 fol 0.066 chg 0.168 | remove_r opt 0.863 hd 0.394 fol 0.021 chg 0.047 | swap_r opt 0.835 hd 0.405 fol 0.049 chg 0.108 | 291s
seed9 mix: R2 0.822 remove_Z opt 0.526 hd 0.212 fol 0.348 chg 0.627 | swap_Z opt 0.497 hd 0.412 fol 0.871 chg 0.944 | swap_Z_rot opt 0.791 hd 0.413 fol 0.076 chg 0.186 | remove_r opt 0.883 hd 0.382 fol 0.026 chg 0.047 | swap_r opt 0.854 hd 0.395 fol 0.054 chg 0.108 | swap_r_matched opt 0.871 hd 0.389 fol 0.026 chg 0.052 mchg 0.041 | 291s
seed9 b: R2 0.822 remove_Z opt 0.526 hd 0.212 fol 0.348 chg 0.627 | swap_Z opt 0.497 hd 0.412 fol 0.871 chg 0.944 | swap_Z_rot opt 0.792 hd 0.413 fol 0.076 chg 0.182 | remove_r opt 0.883 hd 0.382 fol 0.026 chg 0.047 | swap_r opt 0.854 hd 0.395 fol 0.054 chg 0.108 | swap_r_matched opt 0.872 hd 0.388 fol 0.027 chg 0.051 mchg 0.040 | 292s
seed9 all: R2 1.000 remove_Z opt 0.523 hd 0.106 fol 0.339 chg 0.638 | swap_Z opt 0.491 hd 0.409 fol 0.914 chg 0.968 | swap_Z_rot opt 0.781 hd 0.414 fol 0.083 chg 0.199 | 292s
seed9 u001500.pt cells 57326 (dropped 14670) informative 28865 ceiling 0.625 natural {'optimal': 0.8787984848022461, 'history_dependence': 0.3918640613555908}
