[aux 1.0] u=0 8s greedy regret 0.5987 0.6159 0.5237 0.6038 0.4141 0.5211 0.6066 0.4063 0.6248 0.6163 | excess nll 0.449 0.481 0.469 0.449 0.416 0.421 0.516 0.427 0.538 0.461
[aux 1.0] u=10 29s greedy regret 0.3298 0.3351 0.3345 0.3311 0.3314 0.3320 0.3330 0.3347 0.3341 0.3324 | excess nll 0.300 0.309 0.320 0.332 0.298 0.306 0.303 0.305 0.312 0.319
[aux 1.0] u=12 39s greedy regret 0.3298 0.3351 0.3345 0.3311 0.3314 0.3320 0.3330 0.3347 0.3341 0.3324 | excess nll 0.284 0.291 0.305 0.309 0.283 0.285 0.288 0.295 0.285 0.304
[aux 1.0] u=15 51s greedy regret 0.3298 0.3351 0.3345 0.3311 0.3314 0.3320 0.3330 0.3347 0.3341 0.3324 | excess nll 0.251 0.255 0.283 0.282 0.255 0.252 0.240 0.273 0.233 0.288
[aux 1.0] u=19 64s greedy regret 0.3298 0.3351 0.3345 0.3311 0.3314 0.3320 0.3329 0.3347 0.3341 0.3324 | excess nll 0.192 0.206 0.234 0.239 0.209 0.194 0.163 0.227 0.182 0.263
[aux 1.0] u=24 78s greedy regret 0.3298 0.3276 0.3345 0.3311 0.3277 0.3320 0.3216 0.3281 0.3341 0.3275 | excess nll 0.140 0.149 0.169 0.161 0.158 0.151 0.115 0.144 0.149 0.191
[aux 1.0] u=30 94s greedy regret 0.3298 0.3142 0.3218 0.3106 0.3141 0.3302 0.3126 0.3146 0.3230 0.3154 | excess nll 0.098 0.083 0.113 0.084 0.093 0.104 0.068 0.076 0.100 0.107
[aux 1.0] u=37 111s greedy regret 0.3107 0.3143 0.3138 0.3112 0.3113 0.3109 0.3076 0.3142 0.3147 0.3116 | excess nll 0.051 0.057 0.061 0.053 0.057 0.054 0.055 0.050 0.060 0.061
[aux 1.0] u=46 131s greedy regret 0.3105 0.2297 0.3021 0.2425 0.3016 0.2496 0.2380 0.2476 0.2367 0.3054 | excess nll 0.042 0.038 0.048 0.041 0.044 0.041 0.038 0.040 0.043 0.043
[aux 1.0] u=57 153s greedy regret 0.2265 0.2307 0.2329 0.2241 0.2262 0.2296 0.2282 0.2309 0.2268 0.2247 | excess nll 0.030 0.027 0.030 0.026 0.026 0.026 0.025 0.027 0.028 0.026
[aux 1.0] u=71 181s greedy regret 0.2230 0.2257 0.2244 0.2229 0.2246 0.2242 0.2231 0.2313 0.2265 0.2210 | excess nll 0.020 0.017 0.020 0.019 0.017 0.019 0.018 0.018 0.020 0.017
[aux 1.0] u=88 212s greedy regret 0.2186 0.2181 0.2142 0.2151 0.2169 0.2151 0.2146 0.2331 0.2190 0.2126 | excess nll 0.014 0.012 0.013 0.013 0.012 0.013 0.013 0.012 0.013 0.012
[aux 1.0] u=110 251s greedy regret 0.2070 0.2075 0.2023 0.2145 0.1998 0.2130 0.2136 0.2192 0.2120 0.2016 | excess nll 0.011 0.008 0.011 0.009 0.009 0.009 0.008 0.007 0.009 0.010
[aux 1.0] u=137 296s greedy regret 0.1988 0.2024 0.2086 0.1997 0.1970 0.1990 0.1995 0.2064 0.2021 0.1956 | excess nll 0.008 0.007 0.008 0.007 0.006 0.008 0.007 0.007 0.006 0.007
[aux 1.0] u=170 351s greedy regret 0.1276 0.1015 0.2000 0.1995 0.0726 0.1299 0.0820 0.2042 0.0774 0.1943 | excess nll 0.006 0.007 0.006 0.005 0.006 0.008 0.007 0.005 0.006 0.006
[aux 1.0] u=211 416s greedy regret 0.0749 0.0473 0.0517 0.0841 0.0636 0.0725 0.0264 0.1253 0.0717 0.0458 | excess nll 0.005 0.005 0.006 0.005 0.004 0.005 0.006 0.006 0.005 0.006
[aux 1.0] u=263 498s greedy regret 0.0592 0.0110 0.0157 0.0739 0.0116 0.0478 0.0131 0.0210 0.0587 0.0136 | excess nll 0.003 0.004 0.005 0.003 0.004 0.004 0.004 0.005 0.004 0.005
[aux 1.0] u=326 595s greedy regret 0.0423 0.0092 0.0111 0.0707 0.0091 0.0118 0.0088 0.0108 0.0115 0.0093 | excess nll 0.003 0.003 0.004 0.002 0.002 0.004 0.004 0.004 0.003 0.004
[aux 1.0] u=406 717s greedy regret 0.0380 0.0068 0.0093 0.0503 0.0089 0.0090 0.0090 0.0084 0.0094 0.0085 | excess nll 0.002 0.002 0.003 0.002 0.002 0.003 0.002 0.002 0.003 0.003
[aux 1.0] u=505 865s greedy regret 0.0094 0.0062 0.0071 0.0448 0.0079 0.0073 0.0068 0.0072 0.0081 0.0065 | excess nll 0.002 0.002 0.003 0.002 0.003 0.003 0.002 0.002 0.003 0.002
[aux 1.0] u=628 1048s greedy regret 0.0063 0.0064 0.0075 0.0449 0.0064 0.0057 0.0055 0.0064 0.0067 0.0063 | excess nll 0.001 0.002 0.002 0.002 0.002 0.002 0.002 0.002 0.002 0.002
[aux 1.0] u=780 1273s greedy regret 0.0058 0.0059 0.0059 0.0438 0.0065 0.0059 0.0044 0.0059 0.0054 0.0056 | excess nll 0.001 0.002 0.002 0.001 0.001 0.002 0.001 0.001 0.002 0.002
[aux 1.0] u=970 1552s greedy regret 0.0048 0.0033 0.0048 0.0433 0.0045 0.0044 0.0037 0.0045 0.0042 0.0041 | excess nll 0.001 0.001 0.002 0.001 0.001 0.002 0.001 0.002 0.002 0.002
[aux 1.0] u=1206 1897s greedy regret 0.0026 0.0036 0.0050 0.0441 0.0038 0.0039 0.0033 0.0033 0.0037 0.0039 | excess nll 0.001 0.001 0.002 0.001 0.002 0.002 0.001 0.002 0.001 0.001
[aux 1.0] u=1500 2325s greedy regret 0.0034 0.0026 0.0053 0.0427 0.0031 0.0032 0.0028 0.0035 0.0027 0.0033 | excess nll 0.001 0.001 0.001 0.001 0.001 0.001 0.001 0.001 0.001 0.001
