references: oracle 0.786 (1.00) qmdp2 0.564 (0.95) qmdp 0.551 (0.93) mls 0.489 (0.84)
u=0 12s greedy return 0.091 0.085 0.077 0.128 0.040 0.060 | sampled 0.070 0.065 0.073 0.073 0.071 0.074
u=10 62s greedy return 0.085 0.059 0.065 0.065 0.040 0.065 | sampled 0.113 0.078 0.097 0.115 0.066 0.092
u=12 82s greedy return 0.065 0.060 0.065 0.088 0.040 0.065 | sampled 0.125 0.079 0.120 0.131 0.078 0.111
u=15 105s greedy return 0.104 0.061 0.065 0.112 0.089 0.065 | sampled 0.143 0.081 0.135 0.142 0.110 0.130
u=18 131s greedy return 0.065 0.107 0.065 0.068 0.065 0.065 | sampled 0.151 0.090 0.145 0.152 0.130 0.149
u=22 164s greedy return 0.076 0.082 0.065 0.091 0.065 0.095 | sampled 0.159 0.108 0.149 0.162 0.148 0.157
u=27 198s greedy return 0.065 0.068 0.065 0.065 0.065 0.090 | sampled 0.165 0.148 0.160 0.166 0.158 0.165
u=33 232s greedy return 0.096 0.084 0.068 0.065 0.065 0.108 | sampled 0.170 0.167 0.169 0.170 0.167 0.170
u=41 275s greedy return 0.095 0.141 0.084 0.132 0.080 0.112 | sampled 0.173 0.214 0.171 0.177 0.173 0.176
u=50 320s greedy return 0.182 0.169 0.145 0.134 0.121 0.167 | sampled 0.243 0.266 0.188 0.245 0.215 0.229
u=61 374s greedy return 0.286 0.243 0.209 0.280 0.163 0.286 | sampled 0.277 0.293 0.271 0.278 0.279 0.282
u=74 435s greedy return 0.326 0.309 0.313 0.319 0.280 0.344 | sampled 0.327 0.324 0.306 0.309 0.315 0.320
u=90 508s greedy return 0.451 0.344 0.367 0.361 0.381 0.425 | sampled 0.378 0.361 0.347 0.370 0.351 0.370
u=111 600s greedy return 0.460 0.440 0.447 0.460 0.451 0.445 | sampled 0.439 0.412 0.405 0.431 0.404 0.420
u=135 703s greedy return 0.495 0.482 0.476 0.497 0.481 0.466 | sampled 0.470 0.457 0.459 0.465 0.442 0.459
u=165 829s greedy return 0.504 0.508 0.517 0.506 0.501 0.503 | sampled 0.485 0.479 0.492 0.484 0.476 0.478
u=202 981s greedy return 0.514 0.517 0.531 0.512 0.521 0.526 | sampled 0.500 0.503 0.518 0.498 0.502 0.506
u=246 1160s greedy return 0.519 0.518 0.533 0.515 0.523 0.530 | sampled 0.508 0.509 0.523 0.504 0.515 0.516
u=301 1381s greedy return 0.521 0.520 0.535 0.524 0.530 0.533 | sampled 0.511 0.513 0.527 0.517 0.519 0.524
u=367 1644s greedy return 0.531 0.536 0.538 0.538 0.530 0.537 | sampled 0.524 0.529 0.532 0.531 0.526 0.532
u=449 1967s greedy return 0.532 0.537 0.538 0.539 0.531 0.539 | sampled 0.528 0.533 0.535 0.536 0.527 0.536
u=548 2356s greedy return 0.534 0.540 0.541 0.541 0.544 0.540 | sampled 0.531 0.538 0.536 0.538 0.542 0.536
u=670 2831s greedy return 0.535 0.541 0.540 0.543 0.574 0.540 | sampled 0.533 0.539 0.538 0.543 0.572 0.540
u=819 3409s greedy return 0.536 0.542 0.559 0.544 0.575 0.543 | sampled 0.535 0.540 0.542 0.544 0.574 0.542
u=1000 4109s greedy return 0.536 0.547 0.577 0.544 0.574 0.535 | sampled 0.536 0.546 0.576 0.544 0.573 0.535
