[aux 0.1] u=0 7s greedy regret 0.5987 0.6159 0.5237 0.6038 0.4141 0.5211 0.6066 0.4063 0.6248 0.6163 | excess nll 0.449 0.481 0.469 0.449 0.416 0.421 0.516 0.427 0.538 0.461
[aux 0.1] u=10 29s greedy regret 0.3298 0.3351 0.3345 0.3311 0.3314 0.3320 0.3330 0.3347 0.3341 0.3324 | excess nll 0.342 0.365 0.389 0.404 0.351 0.383 0.326 0.372 0.383 0.365
[aux 0.1] u=12 39s greedy regret 0.3298 0.3351 0.3345 0.3311 0.3314 0.3320 0.3330 0.3347 0.3341 0.3324 | excess nll 0.322 0.339 0.362 0.366 0.334 0.360 0.309 0.355 0.343 0.342
[aux 0.1] u=15 50s greedy regret 0.3298 0.3351 0.3345 0.3311 0.3314 0.3320 0.3330 0.3347 0.3341 0.3324 | excess nll 0.291 0.308 0.318 0.322 0.308 0.328 0.291 0.333 0.302 0.323
[aux 0.1] u=19 63s greedy regret 0.3298 0.3351 0.3345 0.3311 0.3314 0.3320 0.3330 0.3347 0.3341 0.3324 | excess nll 0.270 0.281 0.292 0.291 0.295 0.296 0.273 0.304 0.274 0.305
[aux 0.1] u=24 77s greedy regret 0.3298 0.3351 0.3345 0.3311 0.3314 0.3320 0.3330 0.3347 0.3341 0.3324 | excess nll 0.254 0.263 0.284 0.267 0.279 0.270 0.255 0.277 0.250 0.283
[aux 0.1] u=30 93s greedy regret 0.3298 0.3351 0.3345 0.3311 0.3314 0.3320 0.3330 0.3347 0.3341 0.3324 | excess nll 0.236 0.235 0.273 0.240 0.261 0.249 0.219 0.252 0.216 0.262
[aux 0.1] u=37 110s greedy regret 0.3298 0.3010 0.3345 0.3269 0.3314 0.3320 0.3283 0.3347 0.3124 0.3324 | excess nll 0.192 0.199 0.261 0.175 0.238 0.223 0.150 0.223 0.171 0.227
[aux 0.1] u=46 130s greedy regret 0.3222 0.2410 0.3345 0.2319 0.3244 0.3320 0.2322 0.3271 0.2446 0.2849 | excess nll 0.136 0.077 0.228 0.080 0.134 0.113 0.083 0.137 0.093 0.139
[aux 0.1] u=57 153s greedy regret 0.2349 0.2272 0.2367 0.2269 0.2287 0.2481 0.2347 0.2322 0.2437 0.2295 | excess nll 0.051 0.054 0.057 0.054 0.048 0.045 0.048 0.042 0.051 0.060
[aux 0.1] u=71 180s greedy regret 0.2234 0.2362 0.2352 0.2202 0.2211 0.2255 0.2203 0.2395 0.2336 0.2184 | excess nll 0.035 0.040 0.037 0.037 0.033 0.031 0.033 0.030 0.035 0.034
[aux 0.1] u=88 211s greedy regret 0.2163 0.2218 0.2210 0.2151 0.2273 0.2218 0.2146 0.2257 0.2239 0.2136 | excess nll 0.021 0.028 0.023 0.028 0.023 0.021 0.023 0.019 0.023 0.023
[aux 0.1] u=110 249s greedy regret 0.2117 0.1878 0.2152 0.2119 0.2108 0.2139 0.2134 0.2186 0.2195 0.2122 | excess nll 0.015 0.022 0.017 0.020 0.019 0.017 0.017 0.013 0.016 0.019
[aux 0.1] u=137 295s greedy regret 0.1364 0.0925 0.2002 0.2075 0.2056 0.2110 0.0841 0.2055 0.2030 0.1602 | excess nll 0.025 0.019 0.017 0.015 0.015 0.014 0.019 0.013 0.014 0.017
[aux 0.1] u=170 349s greedy regret 0.0735 0.0772 0.1075 0.0753 0.2015 0.0846 0.0646 0.0807 0.0807 0.0745 | excess nll 0.014 0.016 0.017 0.016 0.011 0.017 0.013 0.018 0.019 0.016
[aux 0.1] u=211 415s greedy regret 0.0699 0.0721 0.0722 0.0715 0.0777 0.0768 0.0513 0.0723 0.0743 0.0714 | excess nll 0.009 0.011 0.011 0.011 0.011 0.011 0.011 0.010 0.012 0.010
[aux 0.1] u=263 496s greedy regret 0.0695 0.0573 0.0739 0.0689 0.0760 0.0750 0.0464 0.1292 0.0716 0.0644 | excess nll 0.008 0.010 0.008 0.008 0.007 0.009 0.007 0.008 0.008 0.008
[aux 0.1] u=326 593s greedy regret 0.0571 0.0209 0.0484 0.0469 0.0537 0.0718 0.0443 0.0691 0.0499 0.0169 | excess nll 0.006 0.008 0.007 0.006 0.006 0.006 0.006 0.006 0.007 0.008
[aux 0.1] u=406 715s greedy regret 0.0432 0.0107 0.0122 0.0252 0.0464 0.0509 0.0202 0.0379 0.0113 0.0105 | excess nll 0.005 0.006 0.006 0.007 0.004 0.006 0.005 0.006 0.006 0.005
[aux 0.1] u=505 863s greedy regret 0.0115 0.0110 0.0098 0.0124 0.0510 0.0474 0.0113 0.0187 0.0087 0.0111 | excess nll 0.005 0.004 0.004 0.004 0.036 0.004 0.004 0.005 0.004 0.004
[aux 0.1] u=628 1046s greedy regret 0.0102 0.0104 0.0089 0.0103 0.0455 0.0446 0.0110 0.0093 0.0082 0.0099 | excess nll 0.003 0.004 0.003 0.004 0.002 0.003 0.003 0.003 0.003 0.004
[aux 0.1] u=780 1270s greedy regret 0.0082 0.0075 0.0080 0.0069 0.0454 0.0450 0.0097 0.0079 0.0079 0.0090 | excess nll 0.003 0.003 0.002 0.003 0.002 0.003 0.003 0.002 0.002 0.003
[aux 0.1] u=970 1549s greedy regret 0.0048 0.0078 0.0061 0.0057 0.0445 0.0437 0.0093 0.0071 0.0067 0.0075 | excess nll 0.003 0.002 0.003 0.002 0.002 0.002 0.002 0.002 0.002 0.002
[aux 0.1] u=1206 1893s greedy regret 0.0046 0.0064 0.0052 0.0044 0.0444 0.0429 0.0088 0.0060 0.0060 0.0051 | excess nll 0.002 0.002 0.002 0.002 0.001 0.002 0.002 0.001 0.002 0.002
[aux 0.1] u=1500 2320s greedy regret 0.0038 0.0047 0.0059 0.0042 0.0335 0.0426 0.0074 0.0065 0.0053 0.0058 | excess nll 0.002 0.002 0.002 0.002 0.002 0.002 0.003 0.002 0.002 0.002
