[aux 1.0] u=0 7s greedy regret 0.5987 0.6159 0.5237 0.6038 0.4141 0.5211 0.6066 0.4063 0.6248 0.6163 | excess nll 0.449 0.481 0.469 0.449 0.416 0.421 0.516 0.427 0.538 0.461
[aux 1.0] u=10 29s greedy regret 0.3298 0.3351 0.3345 0.3311 0.3314 0.3320 0.3330 0.3347 0.3341 0.3324 | excess nll 0.284 0.304 0.314 0.317 0.293 0.295 0.290 0.294 0.291 0.306
[aux 1.0] u=12 39s greedy regret 0.3298 0.3351 0.3345 0.3311 0.3314 0.3320 0.3330 0.3347 0.3341 0.3324 | excess nll 0.266 0.289 0.295 0.295 0.274 0.271 0.271 0.278 0.261 0.287
[aux 1.0] u=15 50s greedy regret 0.3298 0.3351 0.3345 0.3311 0.3314 0.3320 0.3330 0.3347 0.3341 0.3324 | excess nll 0.232 0.261 0.268 0.264 0.210 0.223 0.236 0.236 0.200 0.259
[aux 1.0] u=19 63s greedy regret 0.3298 0.3351 0.3345 0.3311 0.3291 0.3320 0.3330 0.3347 0.3341 0.3324 | excess nll 0.157 0.199 0.231 0.202 0.152 0.161 0.173 0.155 0.150 0.192
[aux 1.0] u=24 77s greedy regret 0.3298 0.3271 0.3345 0.3311 0.3161 0.3320 0.3268 0.3201 0.3341 0.3156 | excess nll 0.112 0.124 0.156 0.124 0.098 0.121 0.122 0.104 0.121 0.101
[aux 1.0] u=30 93s greedy regret 0.3270 0.3145 0.3308 0.3106 0.3112 0.3178 0.3239 0.3144 0.3160 0.3112 | excess nll 0.076 0.057 0.108 0.064 0.055 0.070 0.071 0.055 0.068 0.056
[aux 1.0] u=37 110s greedy regret 0.3106 0.3141 0.3139 0.3112 0.3112 0.3115 0.3126 0.3145 0.3146 0.3110 | excess nll 0.038 0.038 0.049 0.041 0.039 0.042 0.040 0.037 0.045 0.042
[aux 1.0] u=46 130s greedy regret 0.3106 0.2365 0.3136 0.2476 0.2316 0.2448 0.2392 0.2589 0.2806 0.2369 | excess nll 0.036 0.027 0.033 0.033 0.031 0.034 0.030 0.032 0.031 0.034
[aux 1.0] u=57 153s greedy regret 0.2255 0.2249 0.2265 0.2278 0.2280 0.2335 0.2258 0.2533 0.2362 0.2220 | excess nll 0.022 0.018 0.023 0.019 0.020 0.020 0.018 0.017 0.020 0.023
[aux 1.0] u=71 180s greedy regret 0.2242 0.2275 0.2240 0.2217 0.2300 0.2368 0.2209 0.2285 0.2235 0.2184 | excess nll 0.015 0.013 0.014 0.014 0.014 0.014 0.012 0.014 0.015 0.015
[aux 1.0] u=88 212s greedy regret 0.2212 0.2117 0.2195 0.2121 0.2257 0.2151 0.2136 0.2187 0.2175 0.2140 | excess nll 0.011 0.009 0.010 0.010 0.010 0.010 0.009 0.010 0.010 0.011
[aux 1.0] u=110 250s greedy regret 0.2049 0.2014 0.2028 0.2071 0.2021 0.2132 0.2035 0.2073 0.2057 0.2025 | excess nll 0.008 0.008 0.009 0.008 0.008 0.007 0.007 0.008 0.008 0.008
[aux 1.0] u=137 296s greedy regret 0.1983 0.1998 0.1995 0.1360 0.1994 0.1977 0.1960 0.2040 0.2042 0.2003 | excess nll 0.006 0.005 0.005 0.008 0.005 0.007 0.006 0.006 0.005 0.006
[aux 1.0] u=170 350s greedy regret 0.0834 0.0736 0.0833 0.0622 0.1266 0.0803 0.0715 0.1074 0.0562 0.0742 | excess nll 0.006 0.005 0.005 0.006 0.005 0.007 0.005 0.006 0.006 0.006
[aux 1.0] u=211 415s greedy regret 0.0722 0.0664 0.0257 0.0522 0.0430 0.0739 0.0507 0.0732 0.0163 0.0530 | excess nll 0.004 0.003 0.004 0.004 0.005 0.004 0.004 0.003 0.004 0.004
[aux 1.0] u=263 497s greedy regret 0.0471 0.0441 0.0122 0.0486 0.0137 0.0516 0.0357 0.0493 0.0120 0.0417 | excess nll 0.003 0.003 0.003 0.004 0.003 0.004 0.003 0.003 0.003 0.003
[aux 1.0] u=326 594s greedy regret 0.0438 0.0200 0.0098 0.0370 0.0110 0.0495 0.0105 0.0339 0.0096 0.0106 | excess nll 0.002 0.003 0.003 0.002 0.002 0.003 0.003 0.003 0.002 0.003
[aux 1.0] u=406 715s greedy regret 0.0324 0.0087 0.0108 0.0180 0.0084 0.0347 0.0080 0.0111 0.0094 0.0103 | excess nll 0.002 0.002 0.002 0.002 0.002 0.002 0.002 0.002 0.005 0.002
[aux 1.0] u=505 864s greedy regret 0.0084 0.0068 0.0077 0.0097 0.0087 0.0089 0.0068 0.0097 0.0068 0.0092 | excess nll 0.001 0.002 0.002 0.002 0.001 0.002 0.002 0.002 0.001 0.001
[aux 1.0] u=628 1046s greedy regret 0.0073 0.0065 0.0093 0.0144 0.0064 0.0070 0.0066 0.0065 0.0064 0.0087 | excess nll 0.002 0.001 0.002 0.002 0.001 0.002 0.002 0.001 0.001 0.002
[aux 1.0] u=780 1270s greedy regret 0.0048 0.0044 0.0066 0.0087 0.0061 0.0060 0.0055 0.0064 0.0052 0.0073 | excess nll 0.001 0.001 0.001 0.001 0.001 0.001 0.001 0.001 0.001 0.002
[aux 1.0] u=970 1548s greedy regret 0.0052 0.0047 0.0046 0.0062 0.0045 0.0041 0.0050 0.0053 0.0056 0.0067 | excess nll 0.001 0.001 0.001 0.001 0.001 0.001 0.001 0.001 0.001 0.001
[aux 1.0] u=1206 1892s greedy regret 0.0039 0.0039 0.0042 0.0054 0.0038 0.0040 0.0046 0.0051 0.0045 0.0065 | excess nll 0.001 0.001 0.001 0.001 0.001 0.001 0.001 0.001 0.001 0.001
[aux 1.0] u=1500 2319s greedy regret 0.0033 0.0027 0.0043 0.0052 0.0039 0.0037 0.0043 0.0044 0.0041 0.0047 | excess nll 0.001 0.001 0.001 0.001 0.001 0.001 0.001 0.001 0.001 0.001
