[aux 0.0] u=0 21s greedy regret 0.5987 0.6159 0.5237 0.6038 0.4141 0.5211 0.6066 0.4063 0.6248 0.6163 | excess nll 0.449 0.481 0.469 0.449 0.416 0.421 0.516 0.427 0.538 0.461
[aux 0.0] u=10 83s greedy regret 0.3298 0.3351 0.3345 0.3311 0.3314 0.3320 0.3330 0.3347 0.3341 0.3324 | excess nll 0.443 0.457 0.489 0.519 0.445 0.476 0.404 0.497 0.492 0.445
[aux 0.0] u=12 103s greedy regret 0.3298 0.3351 0.3345 0.3311 0.3314 0.3320 0.3330 0.3347 0.3341 0.3324 | excess nll 0.446 0.456 0.490 0.505 0.445 0.478 0.406 0.495 0.480 0.445
[aux 0.0] u=15 126s greedy regret 0.3298 0.3351 0.3345 0.3311 0.3314 0.3320 0.3330 0.3347 0.3341 0.3324 | excess nll 0.448 0.454 0.490 0.497 0.445 0.476 0.406 0.496 0.473 0.451
[aux 0.0] u=19 153s greedy regret 0.3298 0.3351 0.3345 0.3311 0.3314 0.3320 0.3330 0.3347 0.3341 0.3324 | excess nll 0.448 0.453 0.491 0.493 0.449 0.474 0.408 0.495 0.465 0.454
[aux 0.0] u=24 182s greedy regret 0.3298 0.3351 0.3345 0.3311 0.3314 0.3320 0.3330 0.3347 0.3341 0.3324 | excess nll 0.450 0.452 0.491 0.492 0.451 0.471 0.408 0.496 0.465 0.458
[aux 0.0] u=30 214s greedy regret 0.3298 0.3351 0.3345 0.3311 0.3314 0.3320 0.3330 0.3347 0.3341 0.3324 | excess nll 0.452 0.452 0.490 0.491 0.455 0.470 0.410 0.493 0.464 0.466
[aux 0.0] u=37 250s greedy regret 0.3298 0.3351 0.3345 0.3311 0.3314 0.3320 0.3330 0.3347 0.3341 0.3248 | excess nll 0.451 0.457 0.488 0.469 0.460 0.471 0.413 0.484 0.465 0.442
[aux 0.0] u=46 292s greedy regret 0.3102 0.2776 0.3345 0.2391 0.2881 0.3320 0.2997 0.3154 0.3117 0.2354 | excess nll 0.441 0.441 0.474 0.423 0.463 0.477 0.419 0.455 0.435 0.427
[aux 0.0] u=57 340s greedy regret 0.2372 0.2316 0.2354 0.2432 0.2308 0.2469 0.2320 0.2366 0.2339 0.2248 | excess nll 0.421 0.417 0.439 0.430 0.425 0.434 0.386 0.438 0.403 0.408
[aux 0.0] u=71 397s greedy regret 0.2288 0.2234 0.2211 0.2249 0.2257 0.2287 0.2232 0.2382 0.2278 0.2206 | excess nll 0.424 0.404 0.434 0.448 0.421 0.439 0.391 0.437 0.399 0.404
[aux 0.0] u=88 463s greedy regret 0.2202 0.2244 0.2196 0.2211 0.2244 0.2201 0.2188 0.2234 0.2226 0.2183 | excess nll 0.420 0.409 0.437 0.450 0.422 0.430 0.387 0.438 0.400 0.401
[aux 0.0] u=110 545s greedy regret 0.2158 0.2185 0.2171 0.2258 0.2202 0.2177 0.2167 0.2180 0.2197 0.2014 | excess nll 0.418 0.408 0.433 0.453 0.418 0.428 0.387 0.432 0.403 0.399
[aux 0.0] u=137 642s greedy regret 0.2163 0.2081 0.2136 0.2128 0.1311 0.2180 0.0985 0.1464 0.2179 0.0924 | excess nll 0.413 0.402 0.434 0.446 0.409 0.423 0.394 0.421 0.398 0.398
[aux 0.0] u=170 757s greedy regret 0.0813 0.0793 0.0826 0.1424 0.0850 0.1430 0.0852 0.0763 0.0860 0.1117 | excess nll 0.409 0.402 0.429 0.445 0.424 0.429 0.395 0.424 0.387 0.393
[aux 0.0] u=211 896s greedy regret 0.0737 0.0733 0.0727 0.0833 0.0738 0.0840 0.0777 0.0764 0.0743 0.0636 | excess nll 0.412 0.402 0.430 0.434 0.428 0.418 0.391 0.427 0.389 0.388
[aux 0.0] u=263 1070s greedy regret 0.0702 0.0638 0.0656 0.0826 0.0712 0.0778 0.0575 0.0724 0.0727 0.0402 | excess nll 0.413 0.407 0.426 0.435 0.427 0.406 0.393 0.428 0.389 0.387
[aux 0.0] u=326 1271s greedy regret 0.0565 0.0234 0.0383 0.0745 0.0282 0.0743 0.0480 0.0686 0.0471 0.0130 | excess nll 0.403 0.409 0.432 0.437 0.431 0.409 0.390 0.428 0.391 0.385
[aux 0.0] u=406 1392s greedy regret 0.0244 0.0151 0.0146 0.0485 0.0119 0.0724 0.0455 0.0681 0.0233 0.0112 | excess nll 0.410 0.410 0.430 0.437 0.430 0.410 0.387 0.426 0.394 0.386
[aux 0.0] u=505 1540s greedy regret 0.0178 0.0118 0.0105 0.0472 0.0082 0.0493 0.0449 0.0315 0.0140 0.0090 | excess nll 0.411 0.417 0.431 0.437 0.426 0.406 0.386 0.420 0.394 0.389
[aux 0.0] u=628 1728s greedy regret 0.0095 0.0130 0.0090 0.0461 0.0079 0.0443 0.0440 0.0129 0.0113 0.0094 | excess nll 0.417 0.413 0.437 0.435 0.429 0.402 0.386 0.417 0.395 0.383
[aux 0.0] u=780 1952s greedy regret 0.0076 0.0097 0.0079 0.0451 0.0076 0.0425 0.0440 0.0112 0.0083 0.0091 | excess nll 0.407 0.414 0.439 0.438 0.429 0.398 0.389 0.418 0.387 0.380
[aux 0.0] u=970 2229s greedy regret 0.0073 0.0069 0.0075 0.0445 0.0077 0.0213 0.0441 0.0086 0.0069 0.0073 | excess nll 0.412 0.415 0.438 0.436 0.428 0.390 0.387 0.416 0.393 0.382
[aux 0.0] u=1206 2571s greedy regret 0.0064 0.0071 0.0061 0.0445 0.0056 0.0095 0.0446 0.0083 0.0064 0.0077 | excess nll 0.409 0.418 0.434 0.435 0.429 0.390 0.382 0.415 0.391 0.383
[aux 0.0] u=1500 2996s greedy regret 0.0069 0.0047 0.0062 0.0425 0.0059 0.0066 0.0426 0.0064 0.0057 0.0053 | excess nll 0.417 0.419 0.436 0.426 0.429 0.389 0.386 0.413 0.388 0.381
