[all] u=0 6s greedy regret 0.4421 0.4348 0.3035 0.4384 0.4371 0.4338 0.3906 0.3921 0.3335 0.4271 | v* 0.508
[all] u=10 28s greedy regret 0.2529 0.2538 0.2534 0.2540 0.2530 0.2524 0.2541 0.2524 0.2552 0.2529 | v* 0.508
[all] u=12 38s greedy regret 0.2529 0.2538 0.2534 0.2540 0.2530 0.2524 0.2541 0.2524 0.2552 0.2529 | v* 0.508
[all] u=15 49s greedy regret 0.2529 0.2538 0.2534 0.2540 0.2530 0.2524 0.2541 0.2524 0.2552 0.2529 | v* 0.508
[all] u=19 63s greedy regret 0.2529 0.2538 0.2534 0.2540 0.2436 0.2524 0.2541 0.2524 0.2552 0.2529 | v* 0.508
[all] u=24 77s greedy regret 0.2529 0.2538 0.2534 0.2540 0.1979 0.2524 0.2541 0.2524 0.2552 0.2529 | v* 0.508
[all] u=30 93s greedy regret 0.1954 0.2500 0.2534 0.2540 0.1947 0.2524 0.2541 0.2020 0.2552 0.2064 | v* 0.508
[all] u=37 110s greedy regret 0.2036 0.2021 0.2044 0.2067 0.1657 0.2139 0.2068 0.1786 0.1908 0.2014 | v* 0.508
[all] u=46 131s greedy regret 0.1639 0.1657 0.1621 0.1653 0.1516 0.1793 0.1632 0.1595 0.1597 0.1743 | v* 0.508
[all] u=57 154s greedy regret 0.1390 0.1574 0.1487 0.1352 0.1177 0.1530 0.1548 0.1268 0.1493 0.1366 | v* 0.508
[all] u=71 183s greedy regret 0.1079 0.1238 0.1162 0.1134 0.0944 0.1025 0.1376 0.0943 0.0798 0.0795 | v* 0.508
[all] u=88 217s greedy regret 0.0710 0.0916 0.0849 0.0654 0.0768 0.0785 0.0938 0.0701 0.0612 0.0634 | v* 0.508
[all] u=110 258s greedy regret 0.0464 0.0702 0.0607 0.0456 0.0649 0.0612 0.0761 0.0439 0.0376 0.0548 | v* 0.508
[all] u=137 309s greedy regret 0.0301 0.0550 0.0439 0.0299 0.0539 0.0521 0.0535 0.0358 0.0321 0.0528 | v* 0.508
[all] u=170 368s greedy regret 0.0276 0.0488 0.0369 0.0265 0.0323 0.0496 0.0486 0.0285 0.0263 0.0500 | v* 0.508
[all] u=211 441s greedy regret 0.0236 0.0472 0.0298 0.0230 0.0290 0.0488 0.0425 0.0224 0.0231 0.0273 | v* 0.508
[all] u=263 532s greedy regret 0.0220 0.0220 0.0251 0.0227 0.0245 0.0238 0.0224 0.0213 0.0227 0.0247 | v* 0.508
[all] u=326 641s greedy regret 0.0188 0.0220 0.0224 0.0199 0.0226 0.0219 0.0207 0.0205 0.0187 0.0234 | v* 0.508
[all] u=406 778s greedy regret 0.0200 0.0218 0.0240 0.0188 0.0198 0.0216 0.0191 0.0195 0.0183 0.0211 | v* 0.508
[all] u=505 946s greedy regret 0.0184 0.0199 0.0220 0.0186 0.0186 0.0203 0.0162 0.0189 0.0163 0.0194 | v* 0.508
[all] u=628 1153s greedy regret 0.0174 0.0188 0.0171 0.0175 0.0181 0.0160 0.0154 0.0163 0.0152 0.0173 | v* 0.508
[all] u=780 1407s greedy regret 0.0168 0.0182 0.0146 0.0164 0.0163 0.0136 0.0143 0.0147 0.0142 0.0161 | v* 0.508
[all] u=970 1724s greedy regret 0.0173 0.0176 0.0149 0.0168 0.0153 0.0127 0.0145 0.0154 0.0133 0.0155 | v* 0.508
[all] u=1206 2117s greedy regret 0.0135 0.0136 0.0143 0.0147 0.0144 0.0106 0.0135 0.0149 0.0125 0.0167 | v* 0.508
[all] u=1500 2606s greedy regret 0.0132 0.0110 0.0121 0.0145 0.0133 0.0115 0.0132 0.0130 0.0117 0.0144 | v* 0.508
