[four] u=0 6s greedy regret 0.5486 0.5218 0.3650 0.5511 0.5494 0.5370 0.4471 0.4272 0.4165 0.5288 | v* 0.568
[four] u=10 28s greedy regret 0.2712 0.2737 0.2719 0.2739 0.2714 0.2725 0.2731 0.2745 0.2753 0.2718 | v* 0.568
[four] u=12 37s greedy regret 0.2712 0.2737 0.2719 0.2739 0.2714 0.2725 0.2731 0.2745 0.2753 0.2718 | v* 0.568
[four] u=15 48s greedy regret 0.2712 0.2737 0.2719 0.2739 0.2714 0.2725 0.2731 0.2745 0.2753 0.2718 | v* 0.568
[four] u=19 61s greedy regret 0.2712 0.2737 0.2719 0.2739 0.2714 0.2725 0.2731 0.2745 0.2753 0.2718 | v* 0.568
[four] u=24 76s greedy regret 0.2712 0.2737 0.2719 0.2739 0.2714 0.2725 0.2731 0.2745 0.2753 0.2718 | v* 0.568
[four] u=30 91s greedy regret 0.2712 0.2737 0.2719 0.2739 0.2714 0.2725 0.2731 0.2745 0.2753 0.2718 | v* 0.568
[four] u=37 108s greedy regret 0.2566 0.2737 0.2719 0.2739 0.2714 0.2725 0.2731 0.2745 0.2753 0.2718 | v* 0.568
[four] u=46 129s greedy regret 0.2215 0.2618 0.2335 0.2404 0.1972 0.2236 0.2327 0.1846 0.2743 0.2209 | v* 0.568
[four] u=57 153s greedy regret 0.1877 0.1871 0.1862 0.1854 0.1783 0.1848 0.1809 0.1960 0.1822 0.1815 | v* 0.568
[four] u=71 181s greedy regret 0.1831 0.1786 0.1762 0.1875 0.1749 0.1800 0.1729 0.1790 0.1786 0.1771 | v* 0.568
[four] u=88 215s greedy regret 0.1718 0.1724 0.1730 0.1769 0.1760 0.1770 0.1722 0.1756 0.1751 0.1719 | v* 0.568
[four] u=110 257s greedy regret 0.1719 0.1729 0.1714 0.1759 0.1749 0.1780 0.1701 0.1761 0.1749 0.1693 | v* 0.568
[four] u=137 306s greedy regret 0.1712 0.1734 0.1715 0.1737 0.1736 0.1759 0.1702 0.1752 0.1742 0.1692 | v* 0.568
[four] u=170 366s greedy regret 0.1645 0.1726 0.1649 0.1725 0.1659 0.1729 0.1558 0.1721 0.1671 0.1630 | v* 0.568
[four] u=211 439s greedy regret 0.1557 0.1650 0.1520 0.1710 0.1619 0.1584 0.1550 0.1491 0.1507 0.1542 | v* 0.568
[four] u=263 530s greedy regret 0.1448 0.1441 0.1210 0.1650 0.1573 0.1483 0.1531 0.1451 0.1429 0.1528 | v* 0.568
[four] u=326 639s greedy regret 0.1399 0.0945 0.0705 0.1649 0.1459 0.1361 0.1067 0.1092 0.1114 0.1197 | v* 0.568
[four] u=406 776s greedy regret 0.1038 0.0675 0.0407 0.1121 0.1015 0.0703 0.0149 0.0429 0.0697 0.0696 | v* 0.568
[four] u=505 944s greedy regret 0.0130 0.0690 0.0182 0.0699 0.0143 0.0706 0.0075 0.0309 0.0683 0.0236 | v* 0.568
[four] u=628 1151s greedy regret 0.0108 0.0407 0.0087 0.0190 0.0086 0.0702 0.0049 0.0292 0.0385 0.0097 | v* 0.568
[four] u=780 1406s greedy regret 0.0079 0.0302 0.0082 0.0112 0.0064 0.0693 0.0046 0.0291 0.0166 0.0030 | v* 0.568
[four] u=970 1723s greedy regret 0.0036 0.0289 0.0067 0.0091 0.0055 0.0692 0.0033 0.0283 0.0125 0.0025 | v* 0.568
[four] u=1206 2116s greedy regret 0.0028 0.0287 0.0050 0.0063 0.0043 0.0517 0.0033 0.0290 0.0129 0.0027 | v* 0.568
[four] u=1500 2608s greedy regret 0.0025 0.0284 0.0049 0.0061 0.0038 0.0341 0.0023 0.0282 0.0106 0.0020 | v* 0.568
