references: oracle 0.826 (1.00) qmdp2 0.616 (0.98) qmdp 0.587 (0.95) mls 0.527 (0.89)
u=0 12s greedy return 0.035 0.038 0.041 0.055 0.034 0.063 | sampled 0.092 0.097 0.094 0.095 0.099 0.096
u=10 61s greedy return 0.034 0.061 0.041 0.034 0.056 0.038 | sampled 0.094 0.097 0.092 0.097 0.096 0.103
u=12 81s greedy return 0.034 0.053 0.039 0.034 0.034 0.040 | sampled 0.095 0.098 0.093 0.100 0.098 0.105
u=15 132s greedy return 0.034 0.055 0.037 0.034 0.034 0.043 | sampled 0.100 0.103 0.097 0.096 0.101 0.106
u=18 185s greedy return 0.034 0.083 0.034 0.034 0.034 0.095 | sampled 0.099 0.105 0.098 0.100 0.101 0.103
u=22 245s greedy return 0.045 0.077 0.034 0.034 0.034 0.095 | sampled 0.104 0.106 0.098 0.103 0.102 0.105
u=27 314s greedy return 0.088 0.083 0.079 0.034 0.034 0.039 | sampled 0.104 0.105 0.100 0.107 0.106 0.107
u=33 391s greedy return 0.089 0.096 0.039 0.034 0.036 0.045 | sampled 0.106 0.103 0.110 0.107 0.107 0.108
u=41 486s greedy return 0.046 0.072 0.080 0.034 0.072 0.034 | sampled 0.112 0.116 0.109 0.107 0.104 0.110
u=50 589s greedy return 0.071 0.125 0.056 0.074 0.034 0.034 | sampled 0.132 0.181 0.109 0.109 0.112 0.107
u=61 664s greedy return 0.186 0.218 0.088 0.058 0.051 0.062 | sampled 0.258 0.269 0.169 0.130 0.116 0.131
u=74 732s greedy return 0.270 0.291 0.224 0.178 0.137 0.166 | sampled 0.296 0.307 0.278 0.264 0.247 0.265
u=90 805s greedy return 0.335 0.336 0.324 0.270 0.307 0.264 | sampled 0.331 0.329 0.315 0.305 0.308 0.306
u=111 895s greedy return 0.388 0.397 0.392 0.357 0.389 0.370 | sampled 0.363 0.369 0.359 0.350 0.352 0.358
u=135 997s greedy return 0.443 0.457 0.454 0.429 0.445 0.424 | sampled 0.404 0.423 0.415 0.400 0.398 0.397
u=165 1122s greedy return 0.485 0.494 0.496 0.493 0.494 0.468 | sampled 0.449 0.461 0.463 0.455 0.449 0.436
u=202 1273s greedy return 0.505 0.537 0.537 0.517 0.516 0.512 | sampled 0.483 0.509 0.512 0.491 0.486 0.486
u=246 1450s greedy return 0.547 0.553 0.551 0.550 0.547 0.539 | sampled 0.524 0.527 0.531 0.530 0.530 0.515
u=301 1669s greedy return 0.564 0.569 0.562 0.565 0.567 0.556 | sampled 0.548 0.551 0.547 0.550 0.551 0.540
u=367 1930s greedy return 0.580 0.577 0.567 0.573 0.579 0.569 | sampled 0.567 0.565 0.554 0.562 0.568 0.558
u=449 2251s greedy return 0.587 0.589 0.574 0.584 0.590 0.579 | sampled 0.577 0.579 0.565 0.575 0.581 0.571
u=548 2772s greedy return 0.591 0.594 0.582 0.589 0.592 0.592 | sampled 0.584 0.587 0.573 0.584 0.585 0.586
u=670 3588s greedy return 0.598 0.598 0.588 0.594 0.599 0.594 | sampled 0.594 0.594 0.582 0.588 0.594 0.591
u=819 4447s greedy return 0.603 0.604 0.596 0.600 0.605 0.604 | sampled 0.600 0.602 0.593 0.596 0.603 0.599
u=1000 5141s greedy return 0.607 0.607 0.597 0.605 0.606 0.607 | sampled 0.605 0.605 0.595 0.603 0.604 0.604
