[k=1] u=0 1s TV 0.3080 0.3303 0.3174 0.3261 0.3006 0.3066 0.3169 0.3082 0.3318 0.3141 | excess nll 0.3802 0.4061 0.3892 0.4029 0.3663 0.3721 0.3911 0.3859 0.4066 0.3869
[k=1] u=10 2s TV 0.2347 0.2534 0.2430 0.2644 0.2295 0.2357 0.2463 0.2355 0.2467 0.2530 | excess nll 0.2830 0.3027 0.2922 0.3185 0.2761 0.2840 0.2952 0.2843 0.2981 0.3046
[k=1] u=13 2s TV 0.2154 0.2283 0.2231 0.2392 0.2084 0.2164 0.2215 0.2165 0.2195 0.2328 | excess nll 0.2594 0.2721 0.2685 0.2868 0.2512 0.2609 0.2652 0.2614 0.2661 0.2792
[k=1] u=17 3s TV 0.1948 0.1998 0.2018 0.2135 0.1876 0.1991 0.1986 0.1981 0.1976 0.2112 | excess nll 0.2350 0.2399 0.2422 0.2554 0.2269 0.2401 0.2383 0.2385 0.2389 0.2527
[k=1] u=22 4s TV 0.1726 0.1769 0.1817 0.1891 0.1699 0.1811 0.1771 0.1776 0.1800 0.1892 | excess nll 0.2106 0.2142 0.2185 0.2272 0.2065 0.2187 0.2138 0.2159 0.2174 0.2266
[k=1] u=28 5s TV 0.1541 0.1574 0.1623 0.1650 0.1525 0.1611 0.1584 0.1582 0.1587 0.1681 | excess nll 0.1868 0.1902 0.1971 0.1991 0.1861 0.1951 0.1894 0.1945 0.1921 0.2013
[k=1] u=37 6s TV 0.1263 0.1287 0.1330 0.1340 0.1226 0.1325 0.1276 0.1325 0.1259 0.1375 | excess nll 0.1351 0.1372 0.1556 0.1463 0.1328 0.1438 0.1347 0.1553 0.1359 0.1492
[k=1] u=48 7s TV 0.0916 0.0937 0.0987 0.0948 0.0896 0.0974 0.0915 0.0938 0.0919 0.0960 | excess nll 0.0924 0.0939 0.1011 0.0955 0.0922 0.0985 0.0915 0.0956 0.0919 0.0973
[k=1] u=62 8s TV 0.0703 0.0705 0.0685 0.0699 0.0681 0.0700 0.0674 0.0673 0.0679 0.0684 | excess nll 0.0647 0.0653 0.0668 0.0662 0.0624 0.0661 0.0649 0.0642 0.0640 0.0660
[k=1] u=80 10s TV 0.0549 0.0510 0.0562 0.0569 0.0527 0.0535 0.0562 0.0552 0.0532 0.0532 | excess nll 0.0456 0.0443 0.0479 0.0490 0.0422 0.0467 0.0472 0.0466 0.0448 0.0449
[k=1] u=104 12s TV 0.0400 0.0379 0.0387 0.0444 0.0383 0.0418 0.0415 0.0411 0.0391 0.0379 | excess nll 0.0309 0.0293 0.0304 0.0351 0.0271 0.0317 0.0321 0.0311 0.0303 0.0299
[k=1] u=135 14s TV 0.0288 0.0268 0.0272 0.0311 0.0255 0.0323 0.0320 0.0303 0.0308 0.0294 | excess nll 0.0202 0.0195 0.0193 0.0232 0.0179 0.0219 0.0220 0.0199 0.0209 0.0203
[k=1] u=176 17s TV 0.0246 0.0189 0.0201 0.0244 0.0231 0.0216 0.0229 0.0224 0.0208 0.0193 | excess nll 0.0144 0.0118 0.0123 0.0142 0.0129 0.0141 0.0138 0.0124 0.0125 0.0119
[k=1] u=228 20s TV 0.0155 0.0160 0.0153 0.0181 0.0170 0.0196 0.0170 0.0149 0.0168 0.0169 | excess nll 0.0078 0.0077 0.0073 0.0085 0.0075 0.0090 0.0080 0.0073 0.0075 0.0077
[k=1] u=296 24s TV 0.0142 0.0120 0.0135 0.0129 0.0129 0.0145 0.0139 0.0155 0.0147 0.0116 | excess nll 0.0049 0.0048 0.0048 0.0050 0.0046 0.0052 0.0050 0.0051 0.0048 0.0047
[k=1] u=384 30s TV 0.0128 0.0107 0.0219 0.0130 0.0121 0.0106 0.0112 0.0101 0.0135 0.0133 | excess nll 0.0031 0.0030 0.0039 0.0031 0.0029 0.0031 0.0032 0.0031 0.0031 0.0035
[k=1] u=498 36s TV 0.0091 0.0094 0.0110 0.0118 0.0088 0.0119 0.0103 0.0093 0.0115 0.0121 | excess nll 0.0017 0.0019 0.0019 0.0020 0.0018 0.0021 0.0022 0.0018 0.0021 0.0021
[k=1] u=646 45s TV 0.0103 0.0081 0.0081 0.0106 0.0076 0.0091 0.0112 0.0195 0.0085 0.0089 | excess nll 0.0013 0.0012 0.0012 0.0014 0.0011 0.0012 0.0014 0.0023 0.0011 0.0013
[k=1] u=838 56s TV 0.0126 0.0096 0.0095 0.0132 0.0084 0.0147 0.0082 0.0083 0.0077 0.0098 | excess nll 0.0012 0.0010 0.0010 0.0013 0.0008 0.0015 0.0009 0.0008 0.0008 0.0010
[k=1] u=1087 70s TV 0.0099 0.0079 0.0084 0.0085 0.0071 0.0076 0.0089 0.0068 0.0072 0.0067 | excess nll 0.0007 0.0006 0.0007 0.0007 0.0005 0.0006 0.0006 0.0006 0.0006 0.0006
[k=1] u=1411 89s TV 0.0102 0.0090 0.0126 0.0073 0.0126 0.0093 0.0065 0.0092 0.0067 0.0055 | excess nll 0.0008 0.0006 0.0009 0.0005 0.0008 0.0008 0.0004 0.0006 0.0004 0.0004
[k=1] u=1831 112s TV 0.0086 0.0090 0.0093 0.0068 0.0061 0.0074 0.0100 0.0077 0.0089 0.0090 | excess nll 0.0004 0.0005 0.0006 0.0003 0.0003 0.0004 0.0005 0.0003 0.0005 0.0006
[k=1] u=2376 143s TV 0.0089 0.0115 0.0106 0.0076 0.0086 0.0053 0.0068 0.0086 0.0105 0.0060 | excess nll 0.0003 0.0008 0.0005 0.0004 0.0005 0.0002 0.0003 0.0003 0.0005 0.0003
[k=1] u=3083 182s TV 0.0082 0.0083 0.0069 0.0071 0.0072 0.0086 0.0052 0.0101 0.0072 0.0055 | excess nll 0.0003 0.0003 0.0003 0.0003 0.0004 0.0003 0.0002 0.0004 0.0003 0.0002
[k=1] u=4000 232s TV 0.0049 0.0097 0.0071 0.0057 0.0062 0.0072 0.0078 0.0099 0.0085 0.0079 | excess nll 0.0001 0.0004 0.0002 0.0002 0.0002 0.0002 0.0004 0.0003 0.0003 0.0002
