[k=2] u=0 1s TV 0.5388 0.5386 0.5457 0.5407 0.5361 0.5337 0.5403 0.5424 0.5455 0.5362 | excess nll 0.8129 0.8130 0.8308 0.8191 0.8102 0.8055 0.8181 0.8250 0.8300 0.8103
[k=2] u=10 2s TV 0.5067 0.5078 0.5081 0.5091 0.5010 0.5026 0.5047 0.5059 0.5102 0.5031 | excess nll 0.7444 0.7492 0.7487 0.7520 0.7365 0.7400 0.7427 0.7472 0.7528 0.7416
[k=2] u=13 2s TV 0.4926 0.4952 0.4924 0.4943 0.4872 0.4901 0.4905 0.4918 0.4957 0.4900 | excess nll 0.7167 0.7242 0.7170 0.7227 0.7092 0.7150 0.7147 0.7189 0.7232 0.7150
[k=2] u=17 3s TV 0.4715 0.4760 0.4713 0.4741 0.4670 0.4716 0.4709 0.4710 0.4765 0.4686 | excess nll 0.6774 0.6867 0.6769 0.6843 0.6712 0.6796 0.6777 0.6794 0.6860 0.6743
[k=2] u=22 4s TV 0.4408 0.4468 0.4395 0.4432 0.4355 0.4424 0.4409 0.4408 0.4468 0.4375 | excess nll 0.6235 0.6328 0.6202 0.6286 0.6153 0.6260 0.6238 0.6254 0.6325 0.6192
[k=2] u=28 5s TV 0.3983 0.4031 0.3946 0.3995 0.3930 0.3989 0.3968 0.3974 0.4025 0.3936 | excess nll 0.5528 0.5596 0.5459 0.5550 0.5453 0.5528 0.5500 0.5535 0.5584 0.5466
[k=2] u=37 6s TV 0.3249 0.3260 0.3181 0.3230 0.3195 0.3254 0.3226 0.3238 0.3258 0.3181 | excess nll 0.4411 0.4433 0.4318 0.4391 0.4355 0.4412 0.4376 0.4408 0.4415 0.4329
[k=2] u=48 7s TV 0.2421 0.2389 0.2337 0.2395 0.2374 0.2420 0.2393 0.2412 0.2387 0.2360 | excess nll 0.3232 0.3112 0.3046 0.3195 0.3213 0.3140 0.3143 0.3120 0.3080 0.3176
[k=2] u=62 8s TV 0.1720 0.1672 0.1655 0.1704 0.1710 0.1704 0.1691 0.1690 0.1654 0.1698 | excess nll 0.2103 0.2026 0.1991 0.2074 0.2111 0.2067 0.2045 0.2033 0.1986 0.2100
[k=2] u=80 9s TV 0.1278 0.1234 0.1240 0.1268 0.1268 0.1265 0.1253 0.1242 0.1220 0.1254 | excess nll 0.1427 0.1380 0.1371 0.1407 0.1411 0.1421 0.1385 0.1388 0.1347 0.1412
[k=2] u=104 11s TV 0.0986 0.0939 0.0955 0.0983 0.0974 0.0958 0.0967 0.0940 0.0936 0.0959 | excess nll 0.1001 0.0958 0.0964 0.0999 0.0980 0.0997 0.0983 0.0976 0.0957 0.0978
[k=2] u=135 14s TV 0.0773 0.0763 0.0768 0.0773 0.0776 0.0758 0.0800 0.0784 0.0762 0.0773 | excess nll 0.0742 0.0688 0.0698 0.0738 0.0724 0.0706 0.0734 0.0721 0.0703 0.0727
[k=2] u=176 16s TV 0.0634 0.0573 0.0602 0.0614 0.0615 0.0588 0.0616 0.0608 0.0580 0.0597 | excess nll 0.0545 0.0486 0.0497 0.0511 0.0497 0.0493 0.0510 0.0500 0.0493 0.0502
[k=2] u=228 20s TV 0.0425 0.0455 0.0453 0.0448 0.0438 0.0464 0.0458 0.0447 0.0417 0.0433 | excess nll 0.0337 0.0350 0.0343 0.0339 0.0333 0.0359 0.0347 0.0335 0.0331 0.0338
[k=2] u=296 24s TV 0.0344 0.0316 0.0323 0.0320 0.0326 0.0340 0.0313 0.0328 0.0304 0.0315 | excess nll 0.0224 0.0224 0.0226 0.0219 0.0216 0.0233 0.0218 0.0214 0.0210 0.0219
[k=2] u=384 30s TV 0.0231 0.0250 0.0269 0.0287 0.0269 0.0248 0.0242 0.0270 0.0265 0.0241 | excess nll 0.0128 0.0138 0.0136 0.0135 0.0134 0.0139 0.0131 0.0131 0.0131 0.0131
[k=2] u=498 37s TV 0.0228 0.0188 0.0210 0.0187 0.0178 0.0204 0.0189 0.0168 0.0183 0.0204 | excess nll 0.0080 0.0074 0.0076 0.0072 0.0071 0.0081 0.0073 0.0071 0.0072 0.0075
[k=2] u=646 46s TV 0.0141 0.0160 0.0159 0.0186 0.0187 0.0220 0.0149 0.0181 0.0192 0.0153 | excess nll 0.0044 0.0044 0.0046 0.0052 0.0052 0.0058 0.0043 0.0046 0.0048 0.0046
[k=2] u=838 57s TV 0.0142 0.0187 0.0182 0.0186 0.0148 0.0129 0.0126 0.0122 0.0200 0.0133 | excess nll 0.0029 0.0038 0.0040 0.0035 0.0030 0.0028 0.0028 0.0027 0.0037 0.0029
[k=2] u=1087 72s TV 0.0139 0.0121 0.0114 0.0116 0.0164 0.0104 0.0131 0.0127 0.0176 0.0125 | excess nll 0.0024 0.0020 0.0020 0.0019 0.0025 0.0018 0.0022 0.0020 0.0031 0.0020
[k=2] u=1411 91s TV 0.0123 0.0107 0.0105 0.0174 0.0111 0.0133 0.0118 0.0112 0.0109 0.0135 | excess nll 0.0016 0.0013 0.0014 0.0022 0.0013 0.0017 0.0015 0.0014 0.0014 0.0017
[k=2] u=1831 115s TV 0.0135 0.0127 0.0106 0.0102 0.0145 0.0098 0.0091 0.0094 0.0149 0.0126 | excess nll 0.0016 0.0013 0.0010 0.0010 0.0015 0.0009 0.0009 0.0009 0.0014 0.0012
[k=2] u=2376 146s TV 0.0116 0.0096 0.0155 0.0152 0.0114 0.0142 0.0124 0.0103 0.0114 0.0127 | excess nll 0.0010 0.0007 0.0016 0.0017 0.0008 0.0011 0.0011 0.0009 0.0009 0.0013
[k=2] u=3083 186s TV 0.0106 0.0108 0.0096 0.0113 0.0107 0.0085 0.0102 0.0092 0.0094 0.0122 | excess nll 0.0007 0.0007 0.0006 0.0008 0.0007 0.0005 0.0006 0.0006 0.0006 0.0009
[k=2] u=4000 238s TV 0.0127 0.0109 0.0100 0.0105 0.0093 0.0099 0.0120 0.0095 0.0100 0.0108 | excess nll 0.0009 0.0007 0.0005 0.0006 0.0005 0.0006 0.0007 0.0005 0.0005 0.0006
