[control] u=0 7s greedy regret 0.5987 0.6159 0.5237 0.6038 0.4141 0.5211 0.6066 0.4063 0.6248 0.6163
[control] u=10 47s greedy regret 0.3298 0.3351 0.3345 0.3311 0.3314 0.3320 0.3330 0.3347 0.3341 0.3324
[control] u=12 60s greedy regret 0.3298 0.3351 0.3345 0.3311 0.3314 0.3320 0.3330 0.3347 0.3341 0.3324
[control] u=15 77s greedy regret 0.3298 0.3351 0.3345 0.3311 0.3314 0.3320 0.3330 0.3347 0.3341 0.3324
[control] u=19 97s greedy regret 0.3298 0.3351 0.3345 0.3311 0.3314 0.3320 0.3330 0.3347 0.3341 0.3324
[control] u=24 120s greedy regret 0.3298 0.3351 0.3345 0.3311 0.3314 0.3320 0.3330 0.3347 0.3341 0.3324
[control] u=30 146s greedy regret 0.2944 0.3234 0.3085 0.3311 0.2876 0.2925 0.3330 0.3167 0.3338 0.3222
[control] u=37 176s greedy regret 0.2836 0.2876 0.2730 0.3037 0.2439 0.2791 0.2924 0.2754 0.2877 0.2644
[control] u=46 213s greedy regret 0.1949 0.1460 0.1850 0.2006 0.1632 0.1859 0.1430 0.1717 0.1627 0.1548
[control] u=57 255s greedy regret 0.1061 0.0599 0.0895 0.0992 0.0702 0.0851 0.0951 0.1034 0.0735 0.0918
[control] u=71 309s greedy regret 0.0452 0.0396 0.0539 0.0518 0.0395 0.0504 0.0471 0.0520 0.0480 0.0481
[control] u=88 373s greedy regret 0.0352 0.0325 0.0368 0.0418 0.0356 0.0367 0.0381 0.0325 0.0416 0.0332
[control] u=110 452s greedy regret 0.0281 0.0277 0.0294 0.0293 0.0250 0.0285 0.0250 0.0253 0.0298 0.0259
[control] u=137 548s greedy regret 0.0194 0.0220 0.0205 0.0223 0.0185 0.0269 0.0244 0.0170 0.0209 0.0198
[control] u=170 663s greedy regret 0.0154 0.0162 0.0181 0.0166 0.0132 0.0162 0.0157 0.0110 0.0180 0.0135
[control] u=211 804s greedy regret 0.0117 0.0165 0.0120 0.0093 0.0118 0.0147 0.0153 0.0099 0.0132 0.0101
[control] u=263 982s greedy regret 0.0102 0.0086 0.0089 0.0071 0.0099 0.0154 0.0088 0.0076 0.0112 0.0070
[control] u=326 1196s greedy regret 0.0075 0.0081 0.0099 0.0087 0.0058 0.0089 0.0066 0.0094 0.0069 0.0058
[control] u=406 1466s greedy regret 0.0061 0.0055 0.0046 0.0058 0.0048 0.0053 0.0060 0.0047 0.0072 0.0056
[control] u=505 1798s greedy regret 0.0035 0.0044 0.0038 0.0047 0.0037 0.0045 0.0035 0.0041 0.0045 0.0053
[control] u=628 2209s greedy regret 0.0033 0.0051 0.0039 0.0027 0.0028 0.0029 0.0039 0.0030 0.0030 0.0027
[control] u=780 2715s greedy regret 0.0020 0.0025 0.0022 0.0025 0.0022 0.0028 0.0025 0.0036 0.0019 0.0041
[control] u=970 3347s greedy regret 0.0024 0.0022 0.0019 0.0021 0.0018 0.0021 0.0020 0.0030 0.0019 0.0023
[control] u=1206 4129s greedy regret 0.0018 0.0019 0.0020 0.0015 0.0018 0.0023 0.0016 0.0017 0.0017 0.0026
[control] u=1500 5087s greedy regret 0.0039 0.0016 0.0018 0.0013 0.0018 0.0014 0.0012 0.0017 0.0013 0.0010
