[targeted] u=0 4s greedy regret 0.5987 0.6159 0.5237 0.6038 0.4141 0.5211 0.6066 0.4063 0.6248 0.6163
[targeted] u=10 30s greedy regret 0.3298 0.3351 0.3345 0.3311 0.3314 0.3320 0.3330 0.3347 0.3341 0.3324
[targeted] u=12 43s greedy regret 0.3298 0.3351 0.3345 0.3311 0.3314 0.3320 0.3330 0.3347 0.3341 0.3324
[targeted] u=15 60s greedy regret 0.3298 0.3351 0.3345 0.3311 0.3314 0.3320 0.3330 0.3347 0.3341 0.3324
[targeted] u=19 80s greedy regret 0.3298 0.3351 0.3345 0.3311 0.3314 0.3320 0.3330 0.3347 0.3341 0.3324
[targeted] u=24 103s greedy regret 0.3298 0.3351 0.3345 0.3311 0.3314 0.3320 0.3330 0.3347 0.3341 0.3324
[targeted] u=30 129s greedy regret 0.3298 0.3352 0.3344 0.3311 0.3314 0.3320 0.3330 0.3347 0.3341 0.3324
[targeted] u=37 159s greedy regret 0.2879 0.3088 0.3042 0.3243 0.2997 0.3237 0.3252 0.2778 0.3141 0.2968
[targeted] u=46 195s greedy regret 0.2725 0.1632 0.2530 0.2701 0.2098 0.2706 0.1888 0.2017 0.2206 0.2298
[targeted] u=57 238s greedy regret 0.1246 0.0990 0.1264 0.1273 0.1103 0.1358 0.1112 0.1227 0.1172 0.0974
[targeted] u=71 291s greedy regret 0.0922 0.0691 0.0874 0.0986 0.1149 0.1020 0.0747 0.0858 0.0924 0.0643
[targeted] u=88 355s greedy regret 0.0437 0.0366 0.0440 0.0411 0.0551 0.0457 0.0462 0.0432 0.0407 0.0544
[targeted] u=110 435s greedy regret 0.0299 0.0291 0.0299 0.0309 0.0281 0.0403 0.0340 0.0285 0.0278 0.0299
[targeted] u=137 530s greedy regret 0.0218 0.0176 0.0209 0.0234 0.0205 0.0266 0.0231 0.0178 0.0209 0.0216
[targeted] u=170 646s greedy regret 0.0189 0.0126 0.0146 0.0149 0.0175 0.0226 0.0175 0.0159 0.0173 0.0156
[targeted] u=211 787s greedy regret 0.0108 0.0108 0.0113 0.0132 0.0146 0.0141 0.0151 0.0125 0.0140 0.0125
[targeted] u=263 965s greedy regret 0.0106 0.0099 0.0105 0.0109 0.0139 0.0101 0.0098 0.0113 0.0126 0.0089
[targeted] u=326 1179s greedy regret 0.0098 0.0077 0.0090 0.0065 0.0077 0.0107 0.0064 0.0087 0.0068 0.0072
[targeted] u=406 1449s greedy regret 0.0067 0.0064 0.0053 0.0058 0.0065 0.0053 0.0071 0.0063 0.0059 0.0057
[targeted] u=505 1781s greedy regret 0.0053 0.0035 0.0043 0.0050 0.0034 0.0058 0.0048 0.0042 0.0042 0.0039
[targeted] u=628 2192s greedy regret 0.0039 0.0045 0.0036 0.0035 0.0029 0.0046 0.0028 0.0033 0.0038 0.0029
[targeted] u=780 2698s greedy regret 0.0032 0.0032 0.0033 0.0028 0.0032 0.0031 0.0032 0.0028 0.0028 0.0031
[targeted] u=970 3329s greedy regret 0.0024 0.0034 0.0022 0.0025 0.0032 0.0031 0.0022 0.0023 0.0020 0.0028
[targeted] u=1206 4112s greedy regret 0.0019 0.0016 0.0023 0.0016 0.0021 0.0022 0.0022 0.0017 0.0018 0.0019
[targeted] u=1500 5087s greedy regret 0.0019 0.0014 0.0016 0.0021 0.0019 0.0014 0.0019 0.0011 0.0011 0.0016
