[ppo] u=0 4s regret sampled 0.5239 0.5354 0.5380 0.5315 0.5360 | greedy 0.5987 0.6159 0.5237 0.6038 0.4141 | V* 0.651
[ppo] u=10 15s regret sampled 0.4475 0.4510 0.4667 0.4374 0.4556 | greedy 0.3298 0.3351 0.3345 0.3311 0.3314 | V* 0.651
[ppo] u=12 19s regret sampled 0.4295 0.4325 0.4465 0.4142 0.4407 | greedy 0.3298 0.3351 0.3345 0.3311 0.3314 | V* 0.651
[ppo] u=15 25s regret sampled 0.4106 0.4187 0.4261 0.3967 0.4296 | greedy 0.3298 0.3351 0.3345 0.3311 0.3314 | V* 0.651
[ppo] u=19 31s regret sampled 0.3971 0.4069 0.4076 0.3838 0.4160 | greedy 0.3298 0.3351 0.3345 0.3311 0.3314 | V* 0.651
[ppo] u=24 38s regret sampled 0.3831 0.3954 0.3903 0.3706 0.3998 | greedy 0.3298 0.3351 0.3345 0.3311 0.3314 | V* 0.651
[ppo] u=30 45s regret sampled 0.3696 0.3787 0.3754 0.3603 0.3822 | greedy 0.3298 0.3351 0.3345 0.3311 0.3314 | V* 0.651
[ppo] u=37 54s regret sampled 0.3565 0.3560 0.3616 0.3355 0.3645 | greedy 0.3298 0.3351 0.3345 0.3148 0.3314 | V* 0.651
[ppo] u=46 63s regret sampled 0.3278 0.2892 0.3344 0.2868 0.3334 | greedy 0.3298 0.2502 0.3345 0.2503 0.3314 | V* 0.651
[ppo] u=57 74s regret sampled 0.2710 0.2473 0.2574 0.2541 0.2696 | greedy 0.2421 0.2300 0.2319 0.2380 0.2445 | V* 0.651
[ppo] u=71 87s regret sampled 0.2420 0.2431 0.2365 0.2335 0.2519 | greedy 0.2302 0.2293 0.2243 0.2201 0.2416 | V* 0.651
[ppo] u=88 102s regret sampled 0.2302 0.2348 0.2336 0.2303 0.2346 | greedy 0.2209 0.2225 0.2229 0.2244 0.2298 | V* 0.651
[ppo] u=110 121s regret sampled 0.2254 0.2258 0.2259 0.2227 0.2274 | greedy 0.2199 0.2183 0.2198 0.2152 0.2196 | V* 0.651
[ppo] u=137 142s regret sampled 0.2224 0.2226 0.2093 0.2171 0.2187 | greedy 0.2120 0.2116 0.2033 0.2117 0.2127 | V* 0.651
[ppo] u=170 169s regret sampled 0.0974 0.1256 0.0873 0.0927 0.0890 | greedy 0.0909 0.1032 0.0811 0.0863 0.0841 | V* 0.651
[ppo] u=211 200s regret sampled 0.0824 0.0761 0.0805 0.0851 0.0791 | greedy 0.0807 0.0730 0.0785 0.0826 0.0763 | V* 0.651
[ppo] u=263 239s regret sampled 0.0782 0.0718 0.0796 0.0729 0.0725 | greedy 0.0770 0.0704 0.0780 0.0715 0.0710 | V* 0.651
[ppo] u=326 286s regret sampled 0.0629 0.0644 0.0626 0.0704 0.0676 | greedy 0.0616 0.0629 0.0615 0.0691 0.0666 | V* 0.651
[ppo] u=406 345s regret sampled 0.0513 0.0351 0.0579 0.0386 0.0403 | greedy 0.0505 0.0334 0.0566 0.0365 0.0377 | V* 0.651
[ppo] u=505 417s regret sampled 0.0496 0.0136 0.0501 0.0128 0.0112 | greedy 0.0489 0.0123 0.0493 0.0119 0.0105 | V* 0.651
[ppo] u=628 505s regret sampled 0.0475 0.0100 0.0509 0.0093 0.0099 | greedy 0.0466 0.0092 0.0503 0.0086 0.0089 | V* 0.651
[ppo] u=780 613s regret sampled 0.0471 0.0076 0.0483 0.0091 0.0081 | greedy 0.0466 0.0072 0.0479 0.0074 0.0075 | V* 0.651
[ppo] u=970 748s regret sampled 0.0463 0.0062 0.0454 0.0063 0.0080 | greedy 0.0461 0.0054 0.0450 0.0055 0.0073 | V* 0.651
[ppo] u=1206 914s regret sampled 0.0450 0.0052 0.0444 0.0071 0.0058 | greedy 0.0448 0.0050 0.0441 0.0066 0.0053 | V* 0.651
[ppo] u=1500 1120s regret sampled 0.0459 0.0046 0.0438 0.0052 0.0048 | greedy 0.0456 0.0044 0.0437 0.0050 0.0046 | V* 0.651
